[ BlockDefn
    ( Location
        { locFile = "test/examples/proofdefinefunction.tex"
        , locLine = 3
        , locColumn = 1
        }
    )
    ( Marker "apply" )
    ( DefnOp
        [ Just
            ( Command "apply" )
        , Just InvisibleBraceL
        , Nothing
        , Just InvisibleBraceR
        , Just InvisibleBraceL
        , Nothing
        , Just InvisibleBraceR
        ]
        [ NamedVar "f"
        , NamedVar "x"
        ]
        ( TermVar
            ( NamedVar "x" )
        )
    )
, BlockDefn
    ( Location
        { locFile = "test/examples/proofdefinefunction.tex"
        , locLine = 8
        , locColumn = 1
        }
    )
    ( Marker "dom" )
    ( DefnOp
        [ Just
            ( Command "dom" )
        , Just InvisibleBraceL
        , Nothing
        , Just InvisibleBraceR
        ]
        [ NamedVar "f" ]
        ( TermVar
            ( NamedVar "f" )
        )
    )
, BlockDefn
    ( Location
        { locFile = "test/examples/proofdefinefunction.tex"
        , locLine = 13
        , locColumn = 1
        }
    )
    ( Marker "rightunique" )
    ( DefnPredicate []
        ( PredicateAdj
            [ Just
                ( Word "right-unique" )
            ]
        )
        ( NamedVar "f" :| [] )
        ( TermSymbol
            ( Location
                { locFile = "<nowhere>"
                , locLine = -1
                , locColumn = -1
                }
            )
            ( SymbolPredicate
                ( PredicateRelation
                    ( Symbol "=" )
                )
            )
            [ TermVar
                ( NamedVar "f" )
            , TermVar
                ( NamedVar "f" )
            ]
        )
    )
, BlockDefn
    ( Location
        { locFile = "test/examples/proofdefinefunction.tex"
        , locLine = 18
        , locColumn = 1
        }
    )
    ( Marker "relation" )
    ( DefnPredicate []
        ( PredicateNoun
            ( SgPl
                { sg =
                    [ Just
                        ( Word "relation" )
                    ]
                , pl =
                    [ Just
                        ( Word "relations" )
                    ]
                }
            )
        )
        ( NamedVar "f" :| [] )
        ( TermSymbol
            ( Location
                { locFile = "<nowhere>"
                , locLine = -1
                , locColumn = -1
                }
            )
            ( SymbolPredicate
                ( PredicateRelation
                    ( Symbol "=" )
                )
            )
            [ TermVar
                ( NamedVar "f" )
            , TermVar
                ( NamedVar "f" )
            ]
        )
    )
, BlockLemma
    ( Location
        { locFile = "test/examples/proofdefinefunction.tex"
        , locLine = 22
        , locColumn = 1
        }
    )
    ( Marker "definefunctiontest" )
    ( Lemma []
        ( Connected Implication
            ( TermSymbol
                ( Location
                    { locFile = "<nowhere>"
                    , locLine = -1
                    , locColumn = -1
                    }
                )
                ( SymbolPredicate
                    ( PredicateRelation
                        ( Command "in" )
                    )
                )
                [ TermVar
                    ( NamedVar "x" )
                , TermVar
                    ( NamedVar "y" )
                ]
            )
            ( TermSymbol
                ( Location
                    { locFile = "<nowhere>"
                    , locLine = -1
                    , locColumn = -1
                    }
                )
                ( SymbolPredicate
                    ( PredicateRelation
                        ( Command "in" )
                    )
                )
                [ TermVar
                    ( NamedVar "x" )
                , TermVar
                    ( NamedVar "y" )
                ]
            )
        )
    )
, BlockProof
    ( Location
        { locFile = "test/examples/proofdefinefunction.tex"
        , locLine = 25
        , locColumn = 1
        }
    )
    ( Location
        { locFile = "test/examples/proofdefinefunction.tex"
        , locLine = 27
        , locColumn = 1
        }
    )
    ( DefineFunction
        ( Location
            { locFile = "test/examples/proofdefinefunction.tex"
            , locLine = 26
            , locColumn = 5
            }
        )
        ( NamedVar "f" )
        ( NamedVar "z" )
        ( TermVar
            ( NamedVar "z" )
        )
        ( TermVar
            ( NamedVar "x" )
        )
        ( Qed
            { mloc = Nothing
            , by = JustificationEmpty
            }
        )
    )
]