[ BlockDefn
    ( Location
        { locFile = "test/examples/proofdefinefunction.tex"
        , locLine = 3
        , locColumn = 1
        }
    )
    ( Marker "apply" )
    ( DefnOp
        ( MixfixItem
            ( TokenCons
                ( Command "apply" )
                ( TokenCons InvisibleBraceL
                    ( HoleCons
                        ( TokenCons InvisibleBraceR
                            ( TokenCons InvisibleBraceL
                                ( HoleCons ( TokenCons InvisibleBraceR End ) )
                            )
                        )
                    )
                )
            )
            ( Marker "apply" ) NonAssoc
        )
        [ NamedVar "f"
        , NamedVar "x"
        ]
        ( TermVar
            ( NamedVar "x" )
        )
    )
, BlockDefn
    ( Location
        { locFile = "test/examples/proofdefinefunction.tex"
        , locLine = 8
        , locColumn = 1
        }
    )
    ( Marker "dom" )
    ( DefnOp
        ( MixfixItem
            ( TokenCons
                ( Command "dom" )
                ( TokenCons InvisibleBraceL
                    ( HoleCons ( TokenCons InvisibleBraceR End ) )
                )
            )
            ( Marker "dom" ) NonAssoc
        )
        [ NamedVar "f" ]
        ( TermVar
            ( NamedVar "f" )
        )
    )
, BlockDefn
    ( Location
        { locFile = "test/examples/proofdefinefunction.tex"
        , locLine = 13
        , locColumn = 1
        }
    )
    ( Marker "rightunique" )
    ( DefnPredicate []
        ( PredicateAdj
            ( LexicalItem
                ( TokenCons
                    ( Word "right-unique" ) End
                )
                ( Marker "rightunique" )
            )
        )
        ( NamedVar "f" :| [] )
        ( TermSymbol
            ( Location
                { locFile = "<nowhere>"
                , locLine = -1
                , locColumn = -1
                }
            )
            ( SymbolPredicate
                ( PredicateRelation
                    ( RelationSymbol
                        ( Symbol "=" )
                        ( Marker "eq" )
                    )
                )
            )
            [ TermVar
                ( NamedVar "f" )
            , TermVar
                ( NamedVar "f" )
            ]
        )
    )
, BlockDefn
    ( Location
        { locFile = "test/examples/proofdefinefunction.tex"
        , locLine = 18
        , locColumn = 1
        }
    )
    ( Marker "relation" )
    ( DefnPredicate []
        ( PredicateNoun
            ( LexicalItemSgPl
                ( SgPl
                    { sg = TokenCons
                        ( Word "relation" ) End
                    , pl = TokenCons
                        ( Word "relations" ) End
                    }
                )
                ( Marker "relation" )
            )
        )
        ( NamedVar "f" :| [] )
        ( TermSymbol
            ( Location
                { locFile = "<nowhere>"
                , locLine = -1
                , locColumn = -1
                }
            )
            ( SymbolPredicate
                ( PredicateRelation
                    ( RelationSymbol
                        ( Symbol "=" )
                        ( Marker "eq" )
                    )
                )
            )
            [ TermVar
                ( NamedVar "f" )
            , TermVar
                ( NamedVar "f" )
            ]
        )
    )
, BlockLemma
    ( Location
        { locFile = "test/examples/proofdefinefunction.tex"
        , locLine = 22
        , locColumn = 1
        }
    )
    ( Marker "definefunctiontest" )
    ( Lemma []
        ( Connected Implication
            ( TermSymbol
                ( Location
                    { locFile = "<nowhere>"
                    , locLine = -1
                    , locColumn = -1
                    }
                )
                ( SymbolPredicate
                    ( PredicateRelation
                        ( RelationSymbol
                            ( Command "in" )
                            ( Marker "elem" )
                        )
                    )
                )
                [ TermVar
                    ( NamedVar "x" )
                , TermVar
                    ( NamedVar "y" )
                ]
            )
            ( TermSymbol
                ( Location
                    { locFile = "<nowhere>"
                    , locLine = -1
                    , locColumn = -1
                    }
                )
                ( SymbolPredicate
                    ( PredicateRelation
                        ( RelationSymbol
                            ( Command "in" )
                            ( Marker "elem" )
                        )
                    )
                )
                [ TermVar
                    ( NamedVar "x" )
                , TermVar
                    ( NamedVar "y" )
                ]
            )
        )
    )
, BlockProof
    ( Location
        { locFile = "test/examples/proofdefinefunction.tex"
        , locLine = 25
        , locColumn = 1
        }
    )
    ( Location
        { locFile = "test/examples/proofdefinefunction.tex"
        , locLine = 27
        , locColumn = 1
        }
    )
    ( DefineFunction
        ( Location
            { locFile = "test/examples/proofdefinefunction.tex"
            , locLine = 26
            , locColumn = 5
            }
        )
        ( NamedVar "f" )
        ( NamedVar "z" )
        ( TermVar
            ( NamedVar "z" )
        )
        ( TermVar
            ( NamedVar "x" )
        )
        ( Qed
            { mloc = Nothing
            , by = JustificationEmpty
            }
        )
    )
]