[ Task
    { taskDirectness = Direct
    , taskHypotheses = []
    , taskConjectureLabel = Marker "dummy_abbr_test"
    , taskLocation = Location
        { locFile = "test/examples/relparam.tex"
        , locLine = 6
        , locColumn = 1
        }
    , taskConjecture = Quantified Universally
        ( Scope
            ( TermSymbol
                ( Location
                    { locFile = "test/examples/relparam.tex"
                    , locLine = 3
                    , locColumn = 27
                    }
                )
                ( SymbolPredicate
                    ( PredicateRelation
                        ( RelationSymbol
                            ( Symbol "=" )
                            ( Marker "eq" )
                        )
                    )
                )
                [ TermVar
                    ( B
                        ( NamedVar "x" )
                    )
                , TermVar
                    ( B
                        ( NamedVar "x" )
                    )
                ]
            )
        )
    }
, Task
    { taskDirectness = Direct
    , taskHypotheses =
        [ Hypothesis Marker "dummy_abbr_test" Quantified Universally
            ( Scope
                ( TermSymbol
                    ( Location
                        { locFile = "test/examples/relparam.tex"
                        , locLine = 3
                        , locColumn = 27
                        }
                    )
                    ( SymbolPredicate
                        ( PredicateRelation
                            ( RelationSymbol
                                ( Symbol "=" )
                                ( Marker "eq" )
                            )
                        )
                    )
                    [ TermVar
                        ( B
                            ( NamedVar "x" )
                        )
                    , TermVar
                        ( B
                            ( NamedVar "x" )
                        )
                    ]
                )
            )
        ]
    , taskConjectureLabel = Marker "dummy_defn_test"
    , taskLocation = Location
        { locFile = "test/examples/relparam.tex"
        , locLine = 15
        , locColumn = 1
        }
    , taskConjecture = Quantified Universally
        ( Scope
            ( TermSymbol
                ( Location
                    { locFile = "test/examples/relparam.tex"
                    , locLine = 12
                    , locColumn = 28
                    }
                )
                ( SymbolPredicate
                    ( PredicateRelation
                        ( RelationSymbol
                            ( Symbol "=" )
                            ( Marker "eq" )
                        )
                    )
                )
                [ TermVar
                    ( B
                        ( NamedVar "x" )
                    )
                , TermVar
                    ( B
                        ( NamedVar "x" )
                    )
                ]
            )
        )
    }
]