[ Task
    { taskDirectness = Direct
    , taskHypotheses = []
    , taskConjectureLabel = Marker "dummy_abbr_test"
    , taskLocation = Location
        { locFile = "test/examples/relparam.tex"
        , locLine = 6
        , locColumn = 6
        }
    , taskConjecture = Quantified Universally
        ( Scope
            ( TermSymbol
                ( Location
                    { locFile = "<nowhere>"
                    , locLine = -1
                    , locColumn = -1
                    }
                )
                ( SymbolPredicate
                    ( PredicateRelation
                        ( Symbol "=" )
                    )
                )
                [ TermVar
                    ( B
                        ( NamedVar "x" )
                    )
                , TermVar
                    ( B
                        ( NamedVar "x" )
                    )
                ]
            )
        )
    }
, Task
    { taskDirectness = Direct
    , taskHypotheses =
        [
            ( Marker "dummy_abbr_test"
            , Quantified Universally
                ( Scope
                    ( TermSymbol
                        ( Location
                            { locFile = "<nowhere>"
                            , locLine = -1
                            , locColumn = -1
                            }
                        )
                        ( SymbolPredicate
                            ( PredicateRelation
                                ( Symbol "=" )
                            )
                        )
                        [ TermVar
                            ( B
                                ( NamedVar "x" )
                            )
                        , TermVar
                            ( B
                                ( NamedVar "x" )
                            )
                        ]
                    )
                )
            )
        ]
    , taskConjectureLabel = Marker "dummy_defn_test"
    , taskLocation = Location
        { locFile = "test/examples/relparam.tex"
        , locLine = 15
        , locColumn = 15
        }
    , taskConjecture = Quantified Universally
        ( Scope
            ( TermSymbol
                ( Location
                    { locFile = "<nowhere>"
                    , locLine = -1
                    , locColumn = -1
                    }
                )
                ( SymbolPredicate
                    ( PredicateRelation
                        ( Symbol "=" )
                    )
                )
                [ TermVar
                    ( B
                        ( NamedVar "x" )
                    )
                , TermVar
                    ( B
                        ( NamedVar "x" )
                    )
                ]
            )
        )
    }
]