[ BlockAbbr
    ( Location
        { locFile = "test/examples/relparam.tex"
        , locLine = 2
        , locColumn = 1
        }
    )
    ( Marker "abbr_equal" )
    ( Abbreviation
        ( SymbolPredicate
            ( PredicateRelation
                ( Command "EQUAL" )
            )
        )
        ( Scope
            ( TermSymbol
                ( Location
                    { locFile = "<nowhere>"
                    , locLine = -1
                    , locColumn = -1
                    }
                )
                ( SymbolPredicate
                    ( PredicateRelation
                        ( Symbol "=" )
                    )
                )
                [ TermVar
                    ( B 1 )
                , TermVar
                    ( B 2 )
                ]
            )
        )
    )
, BlockLemma
    ( Location
        { locFile = "test/examples/relparam.tex"
        , locLine = 6
        , locColumn = 1
        }
    )
    ( Marker "dummy_abbr_test" )
    ( Lemma []
        ( Quantified Universally
            ( Scope
                ( TermSymbol
                    ( Location
                        { locFile = "<nowhere>"
                        , locLine = -1
                        , locColumn = -1
                        }
                    )
                    ( SymbolPredicate
                        ( PredicateRelation
                            ( Command "EQUAL" )
                        )
                    )
                    [ TermVar
                        ( F
                            ( TermVar
                                ( NamedVar "y" )
                            )
                        )
                    , TermVar
                        ( B
                            ( NamedVar "x" )
                        )
                    , TermVar
                        ( B
                            ( NamedVar "x" )
                        )
                    ]
                )
            )
        )
    )
, BlockAbbr
    ( Location
        { locFile = "test/examples/relparam.tex"
        , locLine = 11
        , locColumn = 1
        }
    )
    ( Marker "defn_equals" )
    ( Abbreviation
        ( SymbolPredicate
            ( PredicateRelation
                ( Command "EQUALS" )
            )
        )
        ( Scope
            ( TermSymbol
                ( Location
                    { locFile = "<nowhere>"
                    , locLine = -1
                    , locColumn = -1
                    }
                )
                ( SymbolPredicate
                    ( PredicateRelation
                        ( Symbol "=" )
                    )
                )
                [ TermVar
                    ( B 1 )
                , TermVar
                    ( B 2 )
                ]
            )
        )
    )
, BlockLemma
    ( Location
        { locFile = "test/examples/relparam.tex"
        , locLine = 15
        , locColumn = 1
        }
    )
    ( Marker "dummy_defn_test" )
    ( Lemma []
        ( Quantified Universally
            ( Scope
                ( TermSymbol
                    ( Location
                        { locFile = "<nowhere>"
                        , locLine = -1
                        , locColumn = -1
                        }
                    )
                    ( SymbolPredicate
                        ( PredicateRelation
                            ( Command "EQUALS" )
                        )
                    )
                    [ TermVar
                        ( F
                            ( TermVar
                                ( NamedVar "y" )
                            )
                        )
                    , TermVar
                        ( B
                            ( NamedVar "x" )
                        )
                    , TermVar
                        ( B
                            ( NamedVar "x" )
                        )
                    ]
                )
            )
        )
    )
]