[ BlockAbbr
    ( Location
        { locFile = "test/examples/relparam.tex"
        , locLine = 2
        , locColumn = 2
        }
    )
    ( Marker "abbr_equal" )
    ( AbbreviationRel
        ( NamedVar "x" )
        ( Command "EQUAL" )
        [ NamedVar "y" ]
        ( NamedVar "z" )
        ( StmtFormula
            { pos = Location
                { locFile = "test/examples/relparam.tex"
                , locLine = 3
                , locColumn = 3
                }
            , formula = FormulaChain
                ( ChainBase
                    ( ExprVar
                        ( NamedVar "x" ) :| []
                    ) Positive
                    ( RelationSymbol
                        ( Symbol "=" ) []
                    )
                    ( ExprVar
                        ( NamedVar "z" ) :| []
                    )
                )
            }
        )
    )
, BlockLemma
    ( Location
        { locFile = "test/examples/relparam.tex"
        , locLine = 6
        , locColumn = 6
        }
    )
    ( Marker "dummy_abbr_test" )
    ( Lemma []
        ( SymbolicQuantified
            { pos = Location
                { locFile = "test/examples/relparam.tex"
                , locLine = 7
                , locColumn = 7
                }
            , quant = Universally
            , xs = NamedVar "x" :| []
            , b = Unbounded
            , suchThat = Nothing
            , stmt = StmtFormula
                { pos = Location
                    { locFile = "test/examples/relparam.tex"
                    , locLine = 7
                    , locColumn = 7
                    }
                , formula = FormulaChain
                    ( ChainBase
                        ( ExprVar
                            ( NamedVar "x" ) :| []
                        ) Positive
                        ( RelationSymbol
                            ( Command "EQUAL" )
                            [ ExprVar
                                ( NamedVar "y" )
                            ]
                        )
                        ( ExprVar
                            ( NamedVar "x" ) :| []
                        )
                    )
                }
            }
        )
    )
, BlockAbbr
    ( Location
        { locFile = "test/examples/relparam.tex"
        , locLine = 11
        , locColumn = 11
        }
    )
    ( Marker "defn_equals" )
    ( AbbreviationRel
        ( NamedVar "x" )
        ( Command "EQUALS" )
        [ NamedVar "y" ]
        ( NamedVar "z" )
        ( StmtFormula
            { pos = Location
                { locFile = "test/examples/relparam.tex"
                , locLine = 12
                , locColumn = 12
                }
            , formula = FormulaChain
                ( ChainBase
                    ( ExprVar
                        ( NamedVar "x" ) :| []
                    ) Positive
                    ( RelationSymbol
                        ( Symbol "=" ) []
                    )
                    ( ExprVar
                        ( NamedVar "z" ) :| []
                    )
                )
            }
        )
    )
, BlockLemma
    ( Location
        { locFile = "test/examples/relparam.tex"
        , locLine = 15
        , locColumn = 15
        }
    )
    ( Marker "dummy_defn_test" )
    ( Lemma []
        ( SymbolicQuantified
            { pos = Location
                { locFile = "test/examples/relparam.tex"
                , locLine = 16
                , locColumn = 16
                }
            , quant = Universally
            , xs = NamedVar "x" :| []
            , b = Unbounded
            , suchThat = Nothing
            , stmt = StmtFormula
                { pos = Location
                    { locFile = "test/examples/relparam.tex"
                    , locLine = 16
                    , locColumn = 16
                    }
                , formula = FormulaChain
                    ( ChainBase
                        ( ExprVar
                            ( NamedVar "x" ) :| []
                        ) Positive
                        ( RelationSymbol
                            ( Command "EQUALS" )
                            [ ExprVar
                                ( NamedVar "y" )
                            ]
                        )
                        ( ExprVar
                            ( NamedVar "x" ) :| []
                        )
                    )
                }
            }
        )
    )
]