[ BlockLemma
    ( SourcePos
        { sourceName = "test/examples/prooffix.tex"
        , sourceLine = Pos 1
        , sourceColumn = Pos 1
        }
    )
    ( Marker "assumetest" )
    ( Lemma []
        ( SymbolicQuantified
            { pos = SourcePos
                { sourceName = "test/examples/prooffix.tex"
                , sourceLine = Pos 2
                , sourceColumn = Pos 5
                }
            , quant = Universally
            , xs = NamedVar "x" :| []
            , b = Unbounded
            , suchThat = Nothing
            , stmt = StmtFormula
                { formula = FormulaChain
                    ( ChainBase
                        ( ExprVar
                            ( NamedVar "x" ) :| []
                        ) Positive
                        ( RelationSymbol
                            ( Symbol "=" ) []
                        )
                        ( ExprVar
                            ( NamedVar "x" ) :| []
                        )
                    )
                }
            }
        )
    )
, BlockProof
    ( SourcePos
        { sourceName = "test/examples/prooffix.tex"
        , sourceLine = Pos 4
        , sourceColumn = Pos 1
        }
    )
    ( FixSymbolic
        ( SourcePos
            { sourceName = "test/examples/prooffix.tex"
            , sourceLine = Pos 5
            , sourceColumn = Pos 5
            }
        )
        ( NamedVar "x" :| [] ) Unbounded
        ( Have
            ( SourcePos
                { sourceName = "test/examples/prooffix.tex"
                , sourceLine = Pos 6
                , sourceColumn = Pos 5
                }
            ) Nothing
            ( StmtFormula
                { formula = FormulaChain
                    ( ChainBase
                        ( ExprVar
                            ( NamedVar "x" ) :| []
                        ) Positive
                        ( RelationSymbol
                            ( Symbol "=" ) []
                        )
                        ( ExprVar
                            ( NamedVar "x" ) :| []
                        )
                    )
                }
            ) JustificationEmpty ( Qed Nothing JustificationEmpty )
        )
    )
]