[ BlockLemma
    ( Location
        { locFile = "test/examples/indefinite-terms.tex"
        , locLine = 1
        , locColumn = 1
        }
    )
    ( Marker "indefinite_test_forall" )
    ( Lemma []
        ( Quantified Universally
            ( Scope
                ( Connected Implication ( PropositionalConstant IsTop ) ( PropositionalConstant IsTop ) )
            )
        )
    )
, BlockLemma
    ( Location
        { locFile = "test/examples/indefinite-terms.tex"
        , locLine = 5
        , locColumn = 5
        }
    )
    ( Marker "indefinite_test_exists" )
    ( Lemma []
        ( Quantified Existentially
            ( Scope
                ( Connected Conjunction ( PropositionalConstant IsTop ) ( PropositionalConstant IsTop ) )
            )
        )
    )
]