[ BlockAxiom
    ( Location
        { locFile = "test/examples/replace.tex"
        , locLine = 1
        , locColumn = 1
        }
    )
    ( Marker "cons" )
    ( Axiom []
        ( StmtConnected
            { conn = Equivalence
            , mloc = Nothing
            , stmt1 = StmtFormula
                { loc = Location
                    { locFile = "test/examples/replace.tex"
                    , locLine = 2
                    , locColumn = 5
                    }
                , formula = FormulaChain
                    ( ChainBase
                        ( ExprVar
                            ( NamedVar "x" ) :| []
                        ) Positive
                        ( RelationSymbol
                            ( Command "in" ) []
                        )
                        ( ExprOp
                            [ Just
                                ( Command "cons" )
                            , Just InvisibleBraceL
                            , Nothing
                            , Just InvisibleBraceR
                            , Just InvisibleBraceL
                            , Nothing
                            , Just InvisibleBraceR
                            ]
                            [ ExprVar
                                ( NamedVar "y" )
                            , ExprVar
                                ( NamedVar "X" )
                            ] :| []
                        )
                    )
                }
            , stmt2 = StmtConnected
                { conn = Disjunction
                , mloc = Nothing
                , stmt1 = StmtFormula
                    { loc = Location
                        { locFile = "test/examples/replace.tex"
                        , locLine = 2
                        , locColumn = 28
                        }
                    , formula = FormulaChain
                        ( ChainBase
                            ( ExprVar
                                ( NamedVar "x" ) :| []
                            ) Positive
                            ( RelationSymbol
                                ( Symbol "=" ) []
                            )
                            ( ExprVar
                                ( NamedVar "y" ) :| []
                            )
                        )
                    }
                , stmt2 = StmtFormula
                    { loc = Location
                        { locFile = "test/examples/replace.tex"
                        , locLine = 2
                        , locColumn = 39
                        }
                    , formula = FormulaChain
                        ( ChainBase
                            ( ExprVar
                                ( NamedVar "x" ) :| []
                            ) Positive
                            ( RelationSymbol
                                ( Command "in" ) []
                            )
                            ( ExprVar
                                ( NamedVar "X" ) :| []
                            )
                        )
                    }
                }
            }
        )
    )
, BlockDefn
    ( Location
        { locFile = "test/examples/replace.tex"
        , locLine = 5
        , locColumn = 1
        }
    )
    ( Marker "times" )
    ( DefnOp
        ( SymbolPattern
            [ Nothing
            , Just
                ( Command "times" )
            , Nothing
            ]
            [ NamedVar "A"
            , NamedVar "B"
            ]
        )
        ( ExprReplace
            ( ExprOp
                [ Just
                    ( Command "pair" )
                , Just InvisibleBraceL
                , Nothing
                , Just InvisibleBraceR
                , Just InvisibleBraceL
                , Nothing
                , Just InvisibleBraceR
                ]
                [ ExprVar
                    ( NamedVar "a" )
                , ExprVar
                    ( NamedVar "b" )
                ]
            )
            (
                ( NamedVar "a"
                , ExprVar
                    ( NamedVar "A" )
                ) :|
                [
                    ( NamedVar "b"
                    , ExprVar
                        ( NamedVar "B" )
                    )
                ]
            ) Nothing
        )
    )
, BlockDefn
    ( Location
        { locFile = "test/examples/replace.tex"
        , locLine = 9
        , locColumn = 1
        }
    )
    ( Marker "unit" )
    ( DefnOp
        ( SymbolPattern
            [ Just
                ( Command "unit" )
            ] []
        )
        ( ExprFiniteSet
            ( ExprOp
                [ Just
                    ( Command "emptyset" )
                ] [] :| []
            )
        )
    )
, BlockLemma
    ( Location
        { locFile = "test/examples/replace.tex"
        , locLine = 13
        , locColumn = 1
        }
    )
    ( Marker "pair_emptyset_in_times_unit" )
    ( Lemma []
        ( StmtFormula
            { loc = Location
                { locFile = "test/examples/replace.tex"
                , locLine = 14
                , locColumn = 5
                }
            , formula = FormulaChain
                ( ChainBase
                    ( ExprOp
                        [ Just
                            ( Command "pair" )
                        , Just InvisibleBraceL
                        , Nothing
                        , Just InvisibleBraceR
                        , Just InvisibleBraceL
                        , Nothing
                        , Just InvisibleBraceR
                        ]
                        [ ExprOp
                            [ Just
                                ( Command "emptyset" )
                            ] []
                        , ExprOp
                            [ Just
                                ( Command "emptyset" )
                            ] []
                        ] :| []
                    ) Positive
                    ( RelationSymbol
                        ( Command "in" ) []
                    )
                    ( ExprOp
                        [ Nothing
                        , Just
                            ( Command "times" )
                        , Nothing
                        ]
                        [ ExprOp
                            [ Just
                                ( Command "unit" )
                            ] []
                        , ExprOp
                            [ Just
                                ( Command "unit" )
                            ] []
                        ] :| []
                    )
                )
            }
        )
    )
, BlockDefn
    ( Location
        { locFile = "test/examples/replace.tex"
        , locLine = 19
        , locColumn = 1
        }
    )
    ( Marker "suc" )
    ( DefnOp
        ( SymbolPattern
            [ Just
                ( Command "suc" )
            , Just InvisibleBraceL
            , Nothing
            , Just InvisibleBraceR
            ]
            [ NamedVar "a" ]
        )
        ( ExprReplacePred
            ( NamedVar "y" )
            ( NamedVar "x" )
            ( ExprVar
                ( NamedVar "a" )
            )
            ( StmtFormula
                { loc = Location
                    { locFile = "<nowhere>"
                    , locLine = -1
                    , locColumn = -1
                    }
                , formula = FormulaChain
                    ( ChainBase
                        ( ExprVar
                            ( NamedVar "y" ) :| []
                        ) Positive
                        ( RelationSymbol
                            ( Symbol "=" ) []
                        )
                        ( ExprFiniteSet
                            ( ExprVar
                                ( NamedVar "x" ) :| []
                            ) :| []
                        )
                    )
                }
            )
        )
    )
, BlockLemma
    ( Location
        { locFile = "test/examples/replace.tex"
        , locLine = 25
        , locColumn = 1
        }
    )
    ( Marker "times_replacement_test" )
    ( Lemma []
        ( StmtFormula
            { loc = Location
                { locFile = "test/examples/replace.tex"
                , locLine = 26
                , locColumn = 5
                }
            , formula = FormulaChain
                ( ChainBase
                    ( ExprOp
                        [ Nothing
                        , Just
                            ( Command "times" )
                        , Nothing
                        ]
                        [ ExprVar
                            ( NamedVar "A" )
                        , ExprVar
                            ( NamedVar "B" )
                        ] :| []
                    ) Positive
                    ( RelationSymbol
                        ( Symbol "=" ) []
                    )
                    ( ExprReplace
                        ( ExprOp
                            [ Just
                                ( Command "pair" )
                            , Just InvisibleBraceL
                            , Nothing
                            , Just InvisibleBraceR
                            , Just InvisibleBraceL
                            , Nothing
                            , Just InvisibleBraceR
                            ]
                            [ ExprVar
                                ( NamedVar "a" )
                            , ExprVar
                                ( NamedVar "b" )
                            ]
                        )
                        (
                            ( NamedVar "a"
                            , ExprVar
                                ( NamedVar "A" )
                            ) :|
                            [
                                ( NamedVar "b"
                                , ExprVar
                                    ( NamedVar "B" )
                                )
                            ]
                        ) Nothing :| []
                    )
                )
            }
        )
    )
]