[ BlockLemma
    ( Location
        { locFile = "test/examples/calc.tex"
        , locLine = 1
        , locColumn = 1
        }
    )
    ( Marker "trivial" )
    ( Lemma []
        ( TermSymbol
            ( Location
                { locFile = "test/examples/calc.tex"
                , locLine = 2
                , locColumn = 8
                }
            )
            ( SymbolPredicate
                ( PredicateRelation
                    ( RelationSymbol
                        ( Symbol "=" )
                        ( Marker "eq" )
                    )
                )
            )
            [ TermVar
                ( NamedVar "x" )
            , TermVar
                ( NamedVar "x" )
            ]
        )
    )
, BlockLemma
    ( Location
        { locFile = "test/examples/calc.tex"
        , locLine = 5
        , locColumn = 1
        }
    )
    ( Marker "irrelevant" )
    ( Lemma []
        ( TermSymbol
            ( Location
                { locFile = "test/examples/calc.tex"
                , locLine = 6
                , locColumn = 8
                }
            )
            ( SymbolPredicate
                ( PredicateRelation
                    ( RelationSymbol
                        ( Symbol "=" )
                        ( Marker "eq" )
                    )
                )
            )
            [ TermVar
                ( NamedVar "z" )
            , TermVar
                ( NamedVar "z" )
            ]
        )
    )
, BlockLemma
    ( Location
        { locFile = "test/examples/calc.tex"
        , locLine = 9
        , locColumn = 1
        }
    )
    ( Marker "alsotrivial" )
    ( Lemma []
        ( TermSymbol
            ( Location
                { locFile = "test/examples/calc.tex"
                , locLine = 10
                , locColumn = 8
                }
            )
            ( SymbolPredicate
                ( PredicateRelation
                    ( RelationSymbol
                        ( Symbol "=" )
                        ( Marker "eq" )
                    )
                )
            )
            [ TermVar
                ( NamedVar "y" )
            , TermVar
                ( NamedVar "y" )
            ]
        )
    )
, BlockProof
    ( Location
        { locFile = "test/examples/calc.tex"
        , locLine = 12
        , locColumn = 1
        }
    )
    ( Location
        { locFile = "test/examples/calc.tex"
        , locLine = 20
        , locColumn = 1
        }
    )
    ( Calc
        ( Location
            { locFile = "test/examples/calc.tex"
            , locLine = 13
            , locColumn = 5
            }
        ) CalcUnquantified
        ( Equation
            ( TermVar
                ( NamedVar "y" )
            )
            (
                ( TermVar
                    ( NamedVar "y" )
                , JustificationEmpty
                ) :|
                [
                    ( TermVar
                        ( NamedVar "y" )
                    , JustificationRef
                        ( Marker "trivial" :| [] )
                    )
                ]
            )
        )
        ( Qed
            { mloc = Nothing
            , by = JustificationEmpty
            }
        )
    )
, BlockLemma
    ( Location
        { locFile = "test/examples/calc.tex"
        , locLine = 22
        , locColumn = 1
        }
    )
    ( Marker "trivial_biconditionals" )
    ( Lemma []
        ( TermSymbol
            ( Location
                { locFile = "test/examples/calc.tex"
                , locLine = 23
                , locColumn = 8
                }
            )
            ( SymbolPredicate
                ( PredicateRelation
                    ( RelationSymbol
                        ( Symbol "=" )
                        ( Marker "eq" )
                    )
                )
            )
            [ TermVar
                ( NamedVar "y" )
            , TermVar
                ( NamedVar "y" )
            ]
        )
    )
, BlockProof
    ( Location
        { locFile = "test/examples/calc.tex"
        , locLine = 25
        , locColumn = 1
        }
    )
    ( Location
        { locFile = "test/examples/calc.tex"
        , locLine = 33
        , locColumn = 1
        }
    )
    ( Calc
        ( Location
            { locFile = "test/examples/calc.tex"
            , locLine = 26
            , locColumn = 5
            }
        ) CalcUnquantified
        ( Biconditionals
            ( TermSymbol
                ( Location
                    { locFile = "test/examples/calc.tex"
                    , locLine = 27
                    , locColumn = 11
                    }
                )
                ( SymbolPredicate
                    ( PredicateRelation
                        ( RelationSymbol
                            ( Symbol "=" )
                            ( Marker "eq" )
                        )
                    )
                )
                [ TermVar
                    ( NamedVar "y" )
                , TermVar
                    ( NamedVar "y" )
                ]
            )
            (
                ( PropositionalConstant IsTop
                , JustificationEmpty
                ) :|
                [
                    ( TermSymbol
                        ( Location
                            { locFile = "test/examples/calc.tex"
                            , locLine = 30
                            , locColumn = 21
                            }
                        )
                        ( SymbolPredicate
                            ( PredicateRelation
                                ( RelationSymbol
                                    ( Symbol "=" )
                                    ( Marker "eq" )
                                )
                            )
                        )
                        [ TermVar
                            ( NamedVar "y" )
                        , TermVar
                            ( NamedVar "y" )
                        ]
                    , JustificationRef
                        ( Marker "trivial" :| [] )
                    )
                ]
            )
        )
        ( Qed
            { mloc = Nothing
            , by = JustificationEmpty
            }
        )
    )
]