[ Task
    { taskDirectness = Direct
    , taskHypotheses = []
    , taskConjectureLabel = Marker "mathrel_notation_test"
    , taskLocation = Location
        { locFile = "test/examples/relation-notation.tex"
        , locLine = 1
        , locColumn = 1
        }
    , taskConjecture = Connected Implication
        ( TermSymbol
            ( Location
                { locFile = "<nowhere>"
                , locLine = -1
                , locColumn = -1
                }
            )
            ( SymbolPredicate
                ( PredicateRelation
                    ( RelationSymbol
                        ( Command "in" )
                        ( Marker "elem" )
                    )
                )
            )
            [ TermSymbol
                ( Location
                    { locFile = "<nowhere>"
                    , locLine = -1
                    , locColumn = -1
                    }
                )
                ( SymbolMixfix
                    ( MixfixItem
                        ( TokenCons
                            ( Command "pair" )
                            ( TokenCons InvisibleBraceL
                                ( HoleCons
                                    ( TokenCons InvisibleBraceR
                                        ( TokenCons InvisibleBraceL
                                            ( HoleCons ( TokenCons InvisibleBraceR End ) )
                                        )
                                    )
                                )
                            )
                        )
                        ( Marker "pair" ) NonAssoc
                    )
                )
                [ TermVar
                    ( NamedVar "x" )
                , TermVar
                    ( NamedVar "y" )
                ]
            , TermVar
                ( NamedVar "R" )
            ]
        )
        ( TermSymbol
            ( Location
                { locFile = "<nowhere>"
                , locLine = -1
                , locColumn = -1
                }
            )
            ( SymbolPredicate
                ( PredicateRelation
                    ( RelationSymbol
                        ( Command "in" )
                        ( Marker "elem" )
                    )
                )
            )
            [ TermSymbol
                ( Location
                    { locFile = "<nowhere>"
                    , locLine = -1
                    , locColumn = -1
                    }
                )
                ( SymbolMixfix
                    ( MixfixItem
                        ( TokenCons
                            ( Command "pair" )
                            ( TokenCons InvisibleBraceL
                                ( HoleCons
                                    ( TokenCons InvisibleBraceR
                                        ( TokenCons InvisibleBraceL
                                            ( HoleCons ( TokenCons InvisibleBraceR End ) )
                                        )
                                    )
                                )
                            )
                        )
                        ( Marker "pair" ) NonAssoc
                    )
                )
                [ TermVar
                    ( NamedVar "x" )
                , TermVar
                    ( NamedVar "y" )
                ]
            , TermVar
                ( NamedVar "R" )
            ]
        )
    }
]