[ BlockDefn
    ( SourcePos
        { sourceName = "test/examples/geometry.tex"
        , sourceLine = Pos 1
        , sourceColumn = Pos 1
        }
    )
    ( Marker "collinear" )
    ( Defn []
        ( DefnAdj Nothing
            ( NamedVar "a" )
            ( Adj
                ( SourcePos
                    { sourceName = "test/examples/geometry.tex"
                    , sourceLine = Pos 2
                    , sourceColumn = Pos 12
                    }
                )
                [ Just
                    ( Word "collinear" )
                , Just
                    ( Word "with" )
                , Nothing
                , Just
                    ( Word "and" )
                , Nothing
                ]
                [ NamedVar "b"
                , NamedVar "c"
                ]
            )
        )
        ( StmtConnected
            { conn = Disjunction
            , mpos = Nothing
            , stmt1 = StmtFormula
                { formula = FormulaPredicate
                    ( PrefixPredicate "Betw" 3 )
                    ( ExprVar
                        ( NamedVar "a" ) :|
                        [ ExprVar
                            ( NamedVar "b" )
                        , ExprVar
                            ( NamedVar "c" )
                        ]
                    )
                }
            , stmt2 = StmtConnected
                { conn = Disjunction
                , mpos = Nothing
                , stmt1 = StmtFormula
                    { formula = FormulaPredicate
                        ( PrefixPredicate "Betw" 3 )
                        ( ExprVar
                            ( NamedVar "b" ) :|
                            [ ExprVar
                                ( NamedVar "c" )
                            , ExprVar
                                ( NamedVar "a" )
                            ]
                        )
                    }
                , stmt2 = StmtFormula
                    { formula = FormulaPredicate
                        ( PrefixPredicate "Betw" 3 )
                        ( ExprVar
                            ( NamedVar "c" ) :|
                            [ ExprVar
                                ( NamedVar "a" )
                            , ExprVar
                                ( NamedVar "b" )
                            ]
                        )
                    }
                }
            }
        )
    )
, BlockAxiom
    ( SourcePos
        { sourceName = "test/examples/geometry.tex"
        , sourceLine = Pos 5
        , sourceColumn = Pos 1
        }
    )
    ( Marker "cong_refl_swap" )
    ( Axiom
        [ AsmLetNoun
            ( NamedVar "a" :|
                [ NamedVar "b" ]
            ) NounPhrase ( [] )
            ( Noun
                ( SgPl
                    { sg =
                        [ Just
                            ( Word "point" )
                        ]
                    , pl =
                        [ Just
                            ( Word "points" )
                        ]
                    }
                ) []
            ) ( Nothing ) ( [] ) ( Nothing )
        ]
        ( StmtFormula
            { formula = FormulaPredicate
                ( PrefixPredicate "Cong" 4 )
                ( ExprVar
                    ( NamedVar "a" ) :|
                    [ ExprVar
                        ( NamedVar "b" )
                    , ExprVar
                        ( NamedVar "b" )
                    , ExprVar
                        ( NamedVar "a" )
                    ]
                )
            }
        )
    )
, BlockAxiom
    ( SourcePos
        { sourceName = "test/examples/geometry.tex"
        , sourceLine = Pos 10
        , sourceColumn = Pos 1
        }
    )
    ( Marker "cong_pseudotransitive" )
    ( Axiom
        [ AsmLetNoun
            ( NamedVar "a" :|
                [ NamedVar "b"
                , NamedVar "c"
                , NamedVar "d"
                ]
            ) NounPhrase ( [] )
            ( Noun
                ( SgPl
                    { sg =
                        [ Just
                            ( Word "point" )
                        ]
                    , pl =
                        [ Just
                            ( Word "points" )
                        ]
                    }
                ) []
            ) ( Nothing ) ( [] ) ( Nothing )
        ]
        ( StmtConnected
            { conn = Implication
            , mpos = Just
                ( SourcePos
                    { sourceName = "test/examples/geometry.tex"
                    , sourceLine = Pos 12
                    , sourceColumn = Pos 5
                    }
                )
            , stmt1 = StmtConnected
                { conn = Conjunction
                , mpos = Nothing
                , stmt1 = StmtFormula
                    { formula = FormulaPredicate
                        ( PrefixPredicate "Cong" 4 )
                        ( ExprVar
                            ( NamedVar "c" ) :|
                            [ ExprVar
                                ( NamedVar "d" )
                            , ExprVar
                                ( NamedVar "a" )
                            , ExprVar
                                ( NamedVar "b" )
                            ]
                        )
                    }
                , stmt2 = StmtFormula
                    { formula = FormulaPredicate
                        ( PrefixPredicate "Cong" 4 )
                        ( ExprVar
                            ( NamedVar "c" ) :|
                            [ ExprVar
                                ( NamedVar "d" )
                            , ExprVar
                                ( NamedVar "e" )
                            , ExprVar
                                ( NamedVar "f" )
                            ]
                        )
                    }
                }
            , stmt2 = StmtFormula
                { formula = FormulaPredicate
                    ( PrefixPredicate "Cong" 4 )
                    ( ExprVar
                        ( NamedVar "a" ) :|
                        [ ExprVar
                            ( NamedVar "b" )
                        , ExprVar
                            ( NamedVar "e" )
                        , ExprVar
                            ( NamedVar "f" )
                        ]
                    )
                }
            }
        )
    )
, BlockAxiom
    ( SourcePos
        { sourceName = "test/examples/geometry.tex"
        , sourceLine = Pos 15
        , sourceColumn = Pos 1
        }
    )
    ( Marker "cong_id" )
    ( Axiom
        [ AsmLetNoun
            ( NamedVar "a" :|
                [ NamedVar "b"
                , NamedVar "c"
                ]
            ) NounPhrase ( [] )
            ( Noun
                ( SgPl
                    { sg =
                        [ Just
                            ( Word "point" )
                        ]
                    , pl =
                        [ Just
                            ( Word "points" )
                        ]
                    }
                ) []
            ) ( Nothing ) ( [] ) ( Nothing )
        ]
        ( StmtConnected
            { conn = Implication
            , mpos = Just
                ( SourcePos
                    { sourceName = "test/examples/geometry.tex"
                    , sourceLine = Pos 17
                    , sourceColumn = Pos 5
                    }
                )
            , stmt1 = StmtFormula
                { formula = FormulaPredicate
                    ( PrefixPredicate "Cong" 4 )
                    ( ExprVar
                        ( NamedVar "a" ) :|
                        [ ExprVar
                            ( NamedVar "b" )
                        , ExprVar
                            ( NamedVar "c" )
                        , ExprVar
                            ( NamedVar "c" )
                        ]
                    )
                }
            , stmt2 = StmtFormula
                { formula = FormulaChain
                    ( ChainBase
                        ( ExprVar
                            ( NamedVar "a" ) :| []
                        ) Positive
                        ( RelationSymbol
                            ( Symbol "=" ) []
                        )
                        ( ExprVar
                            ( NamedVar "b" ) :| []
                        )
                    )
                }
            }
        )
    )
, BlockAxiom
    ( SourcePos
        { sourceName = "test/examples/geometry.tex"
        , sourceLine = Pos 21
        , sourceColumn = Pos 1
        }
    )
    ( Marker "segment_construction" )
    ( Axiom []
        ( StmtExists
            { pos = SourcePos
                { sourceName = "test/examples/geometry.tex"
                , sourceLine = Pos 22
                , sourceColumn = Pos 5
                }
            , np = NounPhrase ( [] )
                ( Noun
                    ( SgPl
                        { sg =
                            [ Just
                                ( Word "point" )
                            ]
                        , pl =
                            [ Just
                                ( Word "points" )
                            ]
                        }
                    ) []
                )
                (
                    [ NamedVar "c" ]
                ) ( [] )
                ( Just
                    ( StmtConnected
                        { conn = Conjunction
                        , mpos = Nothing
                        , stmt1 = StmtFormula
                            { formula = FormulaPredicate
                                ( PrefixPredicate "Betw" 3 )
                                ( ExprVar
                                    ( NamedVar "a" ) :|
                                    [ ExprVar
                                        ( NamedVar "b" )
                                    , ExprVar
                                        ( NamedVar "c" )
                                    ]
                                )
                            }
                        , stmt2 = StmtFormula
                            { formula = FormulaPredicate
                                ( PrefixPredicate "Cong" 4 )
                                ( ExprVar
                                    ( NamedVar "b" ) :|
                                    [ ExprVar
                                        ( NamedVar "c" )
                                    , ExprVar
                                        ( NamedVar "d" )
                                    , ExprVar
                                        ( NamedVar "e" )
                                    ]
                                )
                            }
                        }
                    )
                )
            }
        )
    )
, BlockDefn
    ( SourcePos
        { sourceName = "test/examples/geometry.tex"
        , sourceLine = Pos 26
        , sourceColumn = Pos 1
        }
    )
    ( Marker "ofs" )
    ( Defn
        [ AsmLetNoun
            ( NamedVar "x" :|
                [ NamedVar "y"
                , NamedVar "z"
                , NamedVar "r"
                , NamedVar "u"
                , NamedVar "v"
                , NamedVar "w"
                , NamedVar "p"
                ]
            ) NounPhrase ( [] )
            ( Noun
                ( SgPl
                    { sg =
                        [ Just
                            ( Word "point" )
                        ]
                    , pl =
                        [ Just
                            ( Word "points" )
                        ]
                    }
                ) []
            ) ( Nothing ) ( [] ) ( Nothing )
        ]
        ( DefnSymbolicPredicate
            ( PrefixPredicate "OFS" 8 )
            ( NamedVar "x" :|
                [ NamedVar "y"
                , NamedVar "z"
                , NamedVar "r"
                , NamedVar "u"
                , NamedVar "v"
                , NamedVar "w"
                , NamedVar "p"
                ]
            )
        )
        ( StmtConnected
            { conn = Conjunction
            , mpos = Nothing
            , stmt1 = StmtFormula
                { formula = Connected Conjunction
                    ( FormulaPredicate
                        ( PrefixPredicate "Betw" 3 )
                        ( ExprVar
                            ( NamedVar "x" ) :|
                            [ ExprVar
                                ( NamedVar "y" )
                            , ExprVar
                                ( NamedVar "z" )
                            ]
                        )
                    )
                    ( FormulaPredicate
                        ( PrefixPredicate "Betw" 3 )
                        ( ExprVar
                            ( NamedVar "u" ) :|
                            [ ExprVar
                                ( NamedVar "v" )
                            , ExprVar
                                ( NamedVar "w" )
                            ]
                        )
                    )
                }
            , stmt2 = StmtFormula
                { formula = Connected Conjunction
                    ( Connected Conjunction
                        ( Connected Conjunction
                            ( FormulaPredicate
                                ( PrefixPredicate "Cong" 4 )
                                ( ExprVar
                                    ( NamedVar "x" ) :|
                                    [ ExprVar
                                        ( NamedVar "y" )
                                    , ExprVar
                                        ( NamedVar "u" )
                                    , ExprVar
                                        ( NamedVar "v" )
                                    ]
                                )
                            )
                            ( FormulaPredicate
                                ( PrefixPredicate "Cong" 4 )
                                ( ExprVar
                                    ( NamedVar "y" ) :|
                                    [ ExprVar
                                        ( NamedVar "z" )
                                    , ExprVar
                                        ( NamedVar "v" )
                                    , ExprVar
                                        ( NamedVar "w" )
                                    ]
                                )
                            )
                        )
                        ( FormulaPredicate
                            ( PrefixPredicate "Cong" 4 )
                            ( ExprVar
                                ( NamedVar "x" ) :|
                                [ ExprVar
                                    ( NamedVar "r" )
                                , ExprVar
                                    ( NamedVar "u" )
                                , ExprVar
                                    ( NamedVar "p" )
                                ]
                            )
                        )
                    )
                    ( FormulaPredicate
                        ( PrefixPredicate "Cong" 4 )
                        ( ExprVar
                            ( NamedVar "y" ) :|
                            [ ExprVar
                                ( NamedVar "r" )
                            , ExprVar
                                ( NamedVar "v" )
                            , ExprVar
                                ( NamedVar "p" )
                            ]
                        )
                    )
                }
            }
        )
    )
, BlockAxiom
    ( SourcePos
        { sourceName = "test/examples/geometry.tex"
        , sourceLine = Pos 39
        , sourceColumn = Pos 1
        }
    )
    ( Marker "five_segment" )
    ( Axiom
        [ AsmLetNoun
            ( NamedVar "a" :|
                [ NamedVar "b"
                , NamedVar "c"
                , NamedVar "d"
                , NamedVar "aprime"
                , NamedVar "bprime"
                , NamedVar "cprime"
                , NamedVar "dprime"
                ]
            ) NounPhrase ( [] )
            ( Noun
                ( SgPl
                    { sg =
                        [ Just
                            ( Word "point" )
                        ]
                    , pl =
                        [ Just
                            ( Word "points" )
                        ]
                    }
                ) []
            ) ( Nothing ) ( [] ) ( Nothing )
        ]
        ( StmtConnected
            { conn = Implication
            , mpos = Just
                ( SourcePos
                    { sourceName = "test/examples/geometry.tex"
                    , sourceLine = Pos 41
                    , sourceColumn = Pos 5
                    }
                )
            , stmt1 = StmtConnected
                { conn = Conjunction
                , mpos = Nothing
                , stmt1 = StmtFormula
                    { formula = FormulaPredicate
                        ( PrefixPredicate "OFS" 8 )
                        ( ExprVar
                            ( NamedVar "a" ) :|
                            [ ExprVar
                                ( NamedVar "b" )
                            , ExprVar
                                ( NamedVar "c" )
                            , ExprVar
                                ( NamedVar "d" )
                            , ExprVar
                                ( NamedVar "aprime" )
                            , ExprVar
                                ( NamedVar "bprime" )
                            , ExprVar
                                ( NamedVar "cprime" )
                            , ExprVar
                                ( NamedVar "dprime" )
                            ]
                        )
                    }
                , stmt2 = StmtFormula
                    { formula = FormulaChain
                        ( ChainBase
                            ( ExprVar
                                ( NamedVar "a" ) :| []
                            ) Positive
                            ( RelationSymbol
                                ( Command "neq" ) []
                            )
                            ( ExprVar
                                ( NamedVar "b" ) :| []
                            )
                        )
                    }
                }
            , stmt2 = StmtFormula
                { formula = FormulaPredicate
                    ( PrefixPredicate "Cong" 4 )
                    ( ExprVar
                        ( NamedVar "c" ) :|
                        [ ExprVar
                            ( NamedVar "d" )
                        , ExprVar
                            ( NamedVar "cprime" )
                        , ExprVar
                            ( NamedVar "dprime" )
                        ]
                    )
                }
            }
        )
    )
, BlockAxiom
    ( SourcePos
        { sourceName = "test/examples/geometry.tex"
        , sourceLine = Pos 46
        , sourceColumn = Pos 1
        }
    )
    ( Marker "betw_id" )
    ( Axiom
        [ AsmLetNoun
            ( NamedVar "a" :|
                [ NamedVar "b" ]
            ) NounPhrase ( [] )
            ( Noun
                ( SgPl
                    { sg =
                        [ Just
                            ( Word "point" )
                        ]
                    , pl =
                        [ Just
                            ( Word "points" )
                        ]
                    }
                ) []
            ) ( Nothing ) ( [] ) ( Nothing )
        ]
        ( StmtConnected
            { conn = Implication
            , mpos = Just
                ( SourcePos
                    { sourceName = "test/examples/geometry.tex"
                    , sourceLine = Pos 48
                    , sourceColumn = Pos 5
                    }
                )
            , stmt1 = StmtFormula
                { formula = FormulaPredicate
                    ( PrefixPredicate "Betw" 3 )
                    ( ExprVar
                        ( NamedVar "a" ) :|
                        [ ExprVar
                            ( NamedVar "b" )
                        , ExprVar
                            ( NamedVar "a" )
                        ]
                    )
                }
            , stmt2 = StmtFormula
                { formula = FormulaChain
                    ( ChainBase
                        ( ExprVar
                            ( NamedVar "a" ) :| []
                        ) Positive
                        ( RelationSymbol
                            ( Symbol "=" ) []
                        )
                        ( ExprVar
                            ( NamedVar "b" ) :| []
                        )
                    )
                }
            }
        )
    )
, BlockAxiom
    ( SourcePos
        { sourceName = "test/examples/geometry.tex"
        , sourceLine = Pos 52
        , sourceColumn = Pos 1
        }
    )
    ( Marker "innerpasch" )
    ( Axiom
        [ AsmLetNoun
            ( NamedVar "x" :|
                [ NamedVar "y"
                , NamedVar "z"
                , NamedVar "u"
                , NamedVar "v"
                , NamedVar "w"
                ]
            ) NounPhrase ( [] )
            ( Noun
                ( SgPl
                    { sg =
                        [ Just
                            ( Word "point" )
                        ]
                    , pl =
                        [ Just
                            ( Word "points" )
                        ]
                    }
                ) []
            ) ( Nothing ) ( [] ) ( Nothing )
        ]
        ( StmtConnected
            { conn = Implication
            , mpos = Just
                ( SourcePos
                    { sourceName = "test/examples/geometry.tex"
                    , sourceLine = Pos 54
                    , sourceColumn = Pos 5
                    }
                )
            , stmt1 = StmtConnected
                { conn = Conjunction
                , mpos = Nothing
                , stmt1 = StmtFormula
                    { formula = FormulaPredicate
                        ( PrefixPredicate "Betw" 3 )
                        ( ExprVar
                            ( NamedVar "x" ) :|
                            [ ExprVar
                                ( NamedVar "u" )
                            , ExprVar
                                ( NamedVar "z" )
                            ]
                        )
                    }
                , stmt2 = StmtFormula
                    { formula = FormulaPredicate
                        ( PrefixPredicate "Betw" 3 )
                        ( ExprVar
                            ( NamedVar "y" ) :|
                            [ ExprVar
                                ( NamedVar "v" )
                            , ExprVar
                                ( NamedVar "z" )
                            ]
                        )
                    }
                }
            , stmt2 = StmtExists
                { pos = SourcePos
                    { sourceName = "test/examples/geometry.tex"
                    , sourceLine = Pos 54
                    , sourceColumn = Pos 51
                    }
                , np = NounPhrase ( [] )
                    ( Noun
                        ( SgPl
                            { sg =
                                [ Just
                                    ( Word "point" )
                                ]
                            , pl =
                                [ Just
                                    ( Word "points" )
                                ]
                            }
                        ) []
                    )
                    (
                        [ NamedVar "w" ]
                    ) ( [] )
                    ( Just
                        ( StmtConnected
                            { conn = Conjunction
                            , mpos = Nothing
                            , stmt1 = StmtFormula
                                { formula = FormulaPredicate
                                    ( PrefixPredicate "Betw" 3 )
                                    ( ExprVar
                                        ( NamedVar "u" ) :|
                                        [ ExprVar
                                            ( NamedVar "w" )
                                        , ExprVar
                                            ( NamedVar "y" )
                                        ]
                                    )
                                }
                            , stmt2 = StmtFormula
                                { formula = FormulaPredicate
                                    ( PrefixPredicate "Betw" 3 )
                                    ( ExprVar
                                        ( NamedVar "v" ) :|
                                        [ ExprVar
                                            ( NamedVar "w" )
                                        , ExprVar
                                            ( NamedVar "x" )
                                        ]
                                    )
                                }
                            }
                        )
                    )
                }
            }
        )
    )
, BlockAxiom
    ( SourcePos
        { sourceName = "test/examples/geometry.tex"
        , sourceLine = Pos 66
        , sourceColumn = Pos 1
        }
    )
    ( Marker "upperdim" )
    ( Axiom
        [ AsmLetNoun
            ( NamedVar "x" :|
                [ NamedVar "y"
                , NamedVar "z"
                , NamedVar "u"
                , NamedVar "v"
                ]
            ) NounPhrase ( [] )
            ( Noun
                ( SgPl
                    { sg =
                        [ Just
                            ( Word "point" )
                        ]
                    , pl =
                        [ Just
                            ( Word "points" )
                        ]
                    }
                ) []
            ) ( Nothing ) ( [] ) ( Nothing )
        ]
        ( StmtConnected
            { conn = Implication
            , mpos = Just
                ( SourcePos
                    { sourceName = "test/examples/geometry.tex"
                    , sourceLine = Pos 68
                    , sourceColumn = Pos 5
                    }
                )
            , stmt1 = StmtConnected
                { conn = Conjunction
                , mpos = Nothing
                , stmt1 = StmtFormula
                    { formula = FormulaPredicate
                        ( PrefixPredicate "Cong" 4 )
                        ( ExprVar
                            ( NamedVar "x" ) :|
                            [ ExprVar
                                ( NamedVar "u" )
                            , ExprVar
                                ( NamedVar "x" )
                            , ExprVar
                                ( NamedVar "v" )
                            ]
                        )
                    }
                , stmt2 = StmtConnected
                    { conn = Conjunction
                    , mpos = Nothing
                    , stmt1 = StmtFormula
                        { formula = FormulaPredicate
                            ( PrefixPredicate "Cong" 4 )
                            ( ExprVar
                                ( NamedVar "y" ) :|
                                [ ExprVar
                                    ( NamedVar "u" )
                                , ExprVar
                                    ( NamedVar "y" )
                                , ExprVar
                                    ( NamedVar "v" )
                                ]
                            )
                        }
                    , stmt2 = StmtConnected
                        { conn = Conjunction
                        , mpos = Nothing
                        , stmt1 = StmtFormula
                            { formula = FormulaPredicate
                                ( PrefixPredicate "Cong" 4 )
                                ( ExprVar
                                    ( NamedVar "z" ) :|
                                    [ ExprVar
                                        ( NamedVar "u" )
                                    , ExprVar
                                        ( NamedVar "z" )
                                    , ExprVar
                                        ( NamedVar "v" )
                                    ]
                                )
                            }
                        , stmt2 = StmtFormula
                            { formula = FormulaChain
                                ( ChainBase
                                    ( ExprVar
                                        ( NamedVar "u" ) :| []
                                    ) Positive
                                    ( RelationSymbol
                                        ( Command "neq" ) []
                                    )
                                    ( ExprVar
                                        ( NamedVar "v" ) :| []
                                    )
                                )
                            }
                        }
                    }
                }
            , stmt2 = StmtVerbPhrase
                { args = TermExpr
                    ( ExprVar
                        ( NamedVar "x" )
                    ) :| []
                , verb = VPAdj
                    ( Adj
                        ( SourcePos
                            { sourceName = "test/examples/geometry.tex"
                            , sourceLine = Pos 70
                            , sourceColumn = Pos 17
                            }
                        )
                        [ Just
                            ( Word "collinear" )
                        , Just
                            ( Word "with" )
                        , Nothing
                        , Just
                            ( Word "and" )
                        , Nothing
                        ]
                        [ TermExpr
                            ( ExprVar
                                ( NamedVar "y" )
                            )
                        , TermExpr
                            ( ExprVar
                                ( NamedVar "z" )
                            )
                        ] :| []
                    )
                }
            }
        )
    )
, BlockLemma
    ( SourcePos
        { sourceName = "test/examples/geometry.tex"
        , sourceLine = Pos 82
        , sourceColumn = Pos 1
        }
    )
    ( Marker "cong_refl" )
    ( Lemma
        [ AsmLetNoun
            ( NamedVar "a" :|
                [ NamedVar "b" ]
            ) NounPhrase ( [] )
            ( Noun
                ( SgPl
                    { sg =
                        [ Just
                            ( Word "point" )
                        ]
                    , pl =
                        [ Just
                            ( Word "points" )
                        ]
                    }
                ) []
            ) ( Nothing ) ( [] ) ( Nothing )
        ]
        ( StmtFormula
            { formula = FormulaPredicate
                ( PrefixPredicate "Cong" 4 )
                ( ExprVar
                    ( NamedVar "a" ) :|
                    [ ExprVar
                        ( NamedVar "b" )
                    , ExprVar
                        ( NamedVar "a" )
                    , ExprVar
                        ( NamedVar "b" )
                    ]
                )
            }
        )
    )
, BlockLemma
    ( SourcePos
        { sourceName = "test/examples/geometry.tex"
        , sourceLine = Pos 88
        , sourceColumn = Pos 1
        }
    )
    ( Marker "cong_sym" )
    ( Lemma
        [ AsmLetNoun
            ( NamedVar "a" :|
                [ NamedVar "b"
                , NamedVar "c"
                , NamedVar "d"
                ]
            ) NounPhrase ( [] )
            ( Noun
                ( SgPl
                    { sg =
                        [ Just
                            ( Word "point" )
                        ]
                    , pl =
                        [ Just
                            ( Word "points" )
                        ]
                    }
                ) []
            ) ( Nothing ) ( [] ) ( Nothing )
        , AsmSuppose
            ( StmtFormula
                { formula = FormulaPredicate
                    ( PrefixPredicate "Cong" 4 )
                    ( ExprVar
                        ( NamedVar "a" ) :|
                        [ ExprVar
                            ( NamedVar "b" )
                        , ExprVar
                            ( NamedVar "c" )
                        , ExprVar
                            ( NamedVar "d" )
                        ]
                    )
                }
            )
        ]
        ( StmtFormula
            { formula = FormulaPredicate
                ( PrefixPredicate "Cong" 4 )
                ( ExprVar
                    ( NamedVar "c" ) :|
                    [ ExprVar
                        ( NamedVar "d" )
                    , ExprVar
                        ( NamedVar "a" )
                    , ExprVar
                        ( NamedVar "b" )
                    ]
                )
            }
        )
    )
, BlockLemma
    ( SourcePos
        { sourceName = "test/examples/geometry.tex"
        , sourceLine = Pos 95
        , sourceColumn = Pos 1
        }
    )
    ( Marker "cong_transitive" )
    ( Lemma
        [ AsmLetNoun
            ( NamedVar "a" :|
                [ NamedVar "b"
                , NamedVar "c"
                , NamedVar "d"
                , NamedVar "e"
                , NamedVar "f"
                ]
            ) NounPhrase ( [] )
            ( Noun
                ( SgPl
                    { sg =
                        [ Just
                            ( Word "point" )
                        ]
                    , pl =
                        [ Just
                            ( Word "points" )
                        ]
                    }
                ) []
            ) ( Nothing ) ( [] ) ( Nothing )
        ]
        ( StmtConnected
            { conn = Implication
            , mpos = Just
                ( SourcePos
                    { sourceName = "test/examples/geometry.tex"
                    , sourceLine = Pos 97
                    , sourceColumn = Pos 5
                    }
                )
            , stmt1 = StmtConnected
                { conn = Conjunction
                , mpos = Nothing
                , stmt1 = StmtFormula
                    { formula = FormulaPredicate
                        ( PrefixPredicate "Cong" 4 )
                        ( ExprVar
                            ( NamedVar "a" ) :|
                            [ ExprVar
                                ( NamedVar "b" )
                            , ExprVar
                                ( NamedVar "c" )
                            , ExprVar
                                ( NamedVar "d" )
                            ]
                        )
                    }
                , stmt2 = StmtFormula
                    { formula = FormulaPredicate
                        ( PrefixPredicate "Cong" 4 )
                        ( ExprVar
                            ( NamedVar "c" ) :|
                            [ ExprVar
                                ( NamedVar "d" )
                            , ExprVar
                                ( NamedVar "e" )
                            , ExprVar
                                ( NamedVar "f" )
                            ]
                        )
                    }
                }
            , stmt2 = StmtFormula
                { formula = FormulaPredicate
                    ( PrefixPredicate "Cong" 4 )
                    ( ExprVar
                        ( NamedVar "a" ) :|
                        [ ExprVar
                            ( NamedVar "b" )
                        , ExprVar
                            ( NamedVar "e" )
                        , ExprVar
                            ( NamedVar "f" )
                        ]
                    )
                }
            }
        )
    )
, BlockLemma
    ( SourcePos
        { sourceName = "test/examples/geometry.tex"
        , sourceLine = Pos 102
        , sourceColumn = Pos 1
        }
    )
    ( Marker "cong_shuffle_left" )
    ( Lemma
        [ AsmLetNoun
            ( NamedVar "a" :|
                [ NamedVar "b"
                , NamedVar "c"
                , NamedVar "d"
                ]
            ) NounPhrase ( [] )
            ( Noun
                ( SgPl
                    { sg =
                        [ Just
                            ( Word "point" )
                        ]
                    , pl =
                        [ Just
                            ( Word "points" )
                        ]
                    }
                ) []
            ) ( Nothing ) ( [] ) ( Nothing )
        ]
        ( StmtConnected
            { conn = Implication
            , mpos = Just
                ( SourcePos
                    { sourceName = "test/examples/geometry.tex"
                    , sourceLine = Pos 104
                    , sourceColumn = Pos 5
                    }
                )
            , stmt1 = StmtFormula
                { formula = FormulaPredicate
                    ( PrefixPredicate "Cong" 4 )
                    ( ExprVar
                        ( NamedVar "a" ) :|
                        [ ExprVar
                            ( NamedVar "b" )
                        , ExprVar
                            ( NamedVar "c" )
                        , ExprVar
                            ( NamedVar "d" )
                        ]
                    )
                }
            , stmt2 = StmtFormula
                { formula = FormulaPredicate
                    ( PrefixPredicate "Cong" 4 )
                    ( ExprVar
                        ( NamedVar "b" ) :|
                        [ ExprVar
                            ( NamedVar "a" )
                        , ExprVar
                            ( NamedVar "c" )
                        , ExprVar
                            ( NamedVar "d" )
                        ]
                    )
                }
            }
        )
    )
, BlockLemma
    ( SourcePos
        { sourceName = "test/examples/geometry.tex"
        , sourceLine = Pos 109
        , sourceColumn = Pos 1
        }
    )
    ( Marker "cong_shuffle_right" )
    ( Lemma
        [ AsmLetNoun
            ( NamedVar "a" :|
                [ NamedVar "b"
                , NamedVar "c"
                , NamedVar "d"
                ]
            ) NounPhrase ( [] )
            ( Noun
                ( SgPl
                    { sg =
                        [ Just
                            ( Word "point" )
                        ]
                    , pl =
                        [ Just
                            ( Word "points" )
                        ]
                    }
                ) []
            ) ( Nothing ) ( [] ) ( Nothing )
        ]
        ( StmtConnected
            { conn = Implication
            , mpos = Just
                ( SourcePos
                    { sourceName = "test/examples/geometry.tex"
                    , sourceLine = Pos 111
                    , sourceColumn = Pos 5
                    }
                )
            , stmt1 = StmtFormula
                { formula = FormulaPredicate
                    ( PrefixPredicate "Cong" 4 )
                    ( ExprVar
                        ( NamedVar "a" ) :|
                        [ ExprVar
                            ( NamedVar "b" )
                        , ExprVar
                            ( NamedVar "c" )
                        , ExprVar
                            ( NamedVar "d" )
                        ]
                    )
                }
            , stmt2 = StmtFormula
                { formula = FormulaPredicate
                    ( PrefixPredicate "Cong" 4 )
                    ( ExprVar
                        ( NamedVar "b" ) :|
                        [ ExprVar
                            ( NamedVar "a" )
                        , ExprVar
                            ( NamedVar "d" )
                        , ExprVar
                            ( NamedVar "c" )
                        ]
                    )
                }
            }
        )
    )
, BlockLemma
    ( SourcePos
        { sourceName = "test/examples/geometry.tex"
        , sourceLine = Pos 116
        , sourceColumn = Pos 1
        }
    )
    ( Marker "cong_zero" )
    ( Lemma
        [ AsmLetNoun
            ( NamedVar "a" :|
                [ NamedVar "b" ]
            ) NounPhrase ( [] )
            ( Noun
                ( SgPl
                    { sg =
                        [ Just
                            ( Word "point" )
                        ]
                    , pl =
                        [ Just
                            ( Word "points" )
                        ]
                    }
                ) []
            ) ( Nothing ) ( [] ) ( Nothing )
        ]
        ( StmtFormula
            { formula = FormulaPredicate
                ( PrefixPredicate "Cong" 4 )
                ( ExprVar
                    ( NamedVar "a" ) :|
                    [ ExprVar
                        ( NamedVar "a" )
                    , ExprVar
                        ( NamedVar "b" )
                    , ExprVar
                        ( NamedVar "b" )
                    ]
                )
            }
        )
    )
]