[ Task
    { taskDirectness = Direct
    , taskHypotheses =
        [
            ( Marker "union_defn"
            , Quantified Universally
                ( Scope
                    ( Connected Equivalence
                        ( TermSymbol
                            ( Location
                                { locFile = "<nowhere>"
                                , locLine = -1
                                , locColumn = -1
                                }
                            )
                            ( SymbolPredicate
                                ( PredicateRelation
                                    ( Command "in" )
                                )
                            )
                            [ TermVar
                                ( B
                                    ( NamedVar "a" )
                                )
                            , TermSymbol
                                ( Location
                                    { locFile = "<nowhere>"
                                    , locLine = -1
                                    , locColumn = -1
                                    }
                                )
                                ( SymbolMixfix
                                    [ Nothing
                                    , Just
                                        ( Command "union" )
                                    , Nothing
                                    ]
                                )
                                [ TermVar
                                    ( B
                                        ( NamedVar "A" )
                                    )
                                , TermVar
                                    ( B
                                        ( NamedVar "B" )
                                    )
                                ]
                            ]
                        )
                        ( Connected Disjunction
                            ( TermSymbol
                                ( Location
                                    { locFile = "<nowhere>"
                                    , locLine = -1
                                    , locColumn = -1
                                    }
                                )
                                ( SymbolPredicate
                                    ( PredicateRelation
                                        ( Command "in" )
                                    )
                                )
                                [ TermVar
                                    ( B
                                        ( NamedVar "a" )
                                    )
                                , TermVar
                                    ( B
                                        ( NamedVar "A" )
                                    )
                                ]
                            )
                            ( TermSymbol
                                ( Location
                                    { locFile = "<nowhere>"
                                    , locLine = -1
                                    , locColumn = -1
                                    }
                                )
                                ( SymbolPredicate
                                    ( PredicateRelation
                                        ( Command "in" )
                                    )
                                )
                                [ TermVar
                                    ( B
                                        ( NamedVar "a" )
                                    )
                                , TermVar
                                    ( B
                                        ( NamedVar "B" )
                                    )
                                ]
                            )
                        )
                    )
                )
            )
        ,
            ( Marker "ext"
            , Quantified Universally
                ( Scope
                    ( Connected Implication
                        ( Quantified Universally
                            ( Scope
                                ( Connected Equivalence
                                    ( TermSymbol
                                        ( Location
                                            { locFile = "<nowhere>"
                                            , locLine = -1
                                            , locColumn = -1
                                            }
                                        )
                                        ( SymbolPredicate
                                            ( PredicateRelation
                                                ( Command "in" )
                                            )
                                        )
                                        [ TermVar
                                            ( B
                                                ( NamedVar "a" )
                                            )
                                        , TermVar
                                            ( F
                                                ( TermVar
                                                    ( B
                                                        ( NamedVar "A" )
                                                    )
                                                )
                                            )
                                        ]
                                    )
                                    ( TermSymbol
                                        ( Location
                                            { locFile = "<nowhere>"
                                            , locLine = -1
                                            , locColumn = -1
                                            }
                                        )
                                        ( SymbolPredicate
                                            ( PredicateRelation
                                                ( Command "in" )
                                            )
                                        )
                                        [ TermVar
                                            ( B
                                                ( NamedVar "a" )
                                            )
                                        , TermVar
                                            ( F
                                                ( TermVar
                                                    ( B
                                                        ( NamedVar "B" )
                                                    )
                                                )
                                            )
                                        ]
                                    )
                                )
                            )
                        )
                        ( TermSymbol
                            ( Location
                                { locFile = "<nowhere>"
                                , locLine = -1
                                , locColumn = -1
                                }
                            )
                            ( SymbolPredicate
                                ( PredicateRelation
                                    ( Symbol "=" )
                                )
                            )
                            [ TermVar
                                ( B
                                    ( NamedVar "A" )
                                )
                            , TermVar
                                ( B
                                    ( NamedVar "B" )
                                )
                            ]
                        )
                    )
                )
            )
        ]
    , taskConjectureLabel = Marker "union_comm"
    , taskLocation = Location
        { locFile = "test/examples/union.tex"
        , locLine = 11
        , locColumn = 1
        }
    , taskConjecture = TermSymbol
        ( Location
            { locFile = "<nowhere>"
            , locLine = -1
            , locColumn = -1
            }
        )
        ( SymbolPredicate
            ( PredicateRelation
                ( Symbol "=" )
            )
        )
        [ TermSymbol
            ( Location
                { locFile = "<nowhere>"
                , locLine = -1
                , locColumn = -1
                }
            )
            ( SymbolMixfix
                [ Nothing
                , Just
                    ( Command "union" )
                , Nothing
                ]
            )
            [ TermVar
                ( NamedVar "A" )
            , TermVar
                ( NamedVar "B" )
            ]
        , TermSymbol
            ( Location
                { locFile = "<nowhere>"
                , locLine = -1
                , locColumn = -1
                }
            )
            ( SymbolMixfix
                [ Nothing
                , Just
                    ( Command "union" )
                , Nothing
                ]
            )
            [ TermVar
                ( NamedVar "B" )
            , TermVar
                ( NamedVar "A" )
            ]
        ]
    }
, Task
    { taskDirectness = Direct
    , taskHypotheses =
        [
            ( Marker "union_comm"
            , Quantified Universally
                ( Scope
                    ( TermSymbol
                        ( Location
                            { locFile = "<nowhere>"
                            , locLine = -1
                            , locColumn = -1
                            }
                        )
                        ( SymbolPredicate
                            ( PredicateRelation
                                ( Symbol "=" )
                            )
                        )
                        [ TermSymbol
                            ( Location
                                { locFile = "<nowhere>"
                                , locLine = -1
                                , locColumn = -1
                                }
                            )
                            ( SymbolMixfix
                                [ Nothing
                                , Just
                                    ( Command "union" )
                                , Nothing
                                ]
                            )
                            [ TermVar
                                ( B
                                    ( NamedVar "A" )
                                )
                            , TermVar
                                ( B
                                    ( NamedVar "B" )
                                )
                            ]
                        , TermSymbol
                            ( Location
                                { locFile = "<nowhere>"
                                , locLine = -1
                                , locColumn = -1
                                }
                            )
                            ( SymbolMixfix
                                [ Nothing
                                , Just
                                    ( Command "union" )
                                , Nothing
                                ]
                            )
                            [ TermVar
                                ( B
                                    ( NamedVar "B" )
                                )
                            , TermVar
                                ( B
                                    ( NamedVar "A" )
                                )
                            ]
                        ]
                    )
                )
            )
        ,
            ( Marker "union_defn"
            , Quantified Universally
                ( Scope
                    ( Connected Equivalence
                        ( TermSymbol
                            ( Location
                                { locFile = "<nowhere>"
                                , locLine = -1
                                , locColumn = -1
                                }
                            )
                            ( SymbolPredicate
                                ( PredicateRelation
                                    ( Command "in" )
                                )
                            )
                            [ TermVar
                                ( B
                                    ( NamedVar "a" )
                                )
                            , TermSymbol
                                ( Location
                                    { locFile = "<nowhere>"
                                    , locLine = -1
                                    , locColumn = -1
                                    }
                                )
                                ( SymbolMixfix
                                    [ Nothing
                                    , Just
                                        ( Command "union" )
                                    , Nothing
                                    ]
                                )
                                [ TermVar
                                    ( B
                                        ( NamedVar "A" )
                                    )
                                , TermVar
                                    ( B
                                        ( NamedVar "B" )
                                    )
                                ]
                            ]
                        )
                        ( Connected Disjunction
                            ( TermSymbol
                                ( Location
                                    { locFile = "<nowhere>"
                                    , locLine = -1
                                    , locColumn = -1
                                    }
                                )
                                ( SymbolPredicate
                                    ( PredicateRelation
                                        ( Command "in" )
                                    )
                                )
                                [ TermVar
                                    ( B
                                        ( NamedVar "a" )
                                    )
                                , TermVar
                                    ( B
                                        ( NamedVar "A" )
                                    )
                                ]
                            )
                            ( TermSymbol
                                ( Location
                                    { locFile = "<nowhere>"
                                    , locLine = -1
                                    , locColumn = -1
                                    }
                                )
                                ( SymbolPredicate
                                    ( PredicateRelation
                                        ( Command "in" )
                                    )
                                )
                                [ TermVar
                                    ( B
                                        ( NamedVar "a" )
                                    )
                                , TermVar
                                    ( B
                                        ( NamedVar "B" )
                                    )
                                ]
                            )
                        )
                    )
                )
            )
        ,
            ( Marker "ext"
            , Quantified Universally
                ( Scope
                    ( Connected Implication
                        ( Quantified Universally
                            ( Scope
                                ( Connected Equivalence
                                    ( TermSymbol
                                        ( Location
                                            { locFile = "<nowhere>"
                                            , locLine = -1
                                            , locColumn = -1
                                            }
                                        )
                                        ( SymbolPredicate
                                            ( PredicateRelation
                                                ( Command "in" )
                                            )
                                        )
                                        [ TermVar
                                            ( B
                                                ( NamedVar "a" )
                                            )
                                        , TermVar
                                            ( F
                                                ( TermVar
                                                    ( B
                                                        ( NamedVar "A" )
                                                    )
                                                )
                                            )
                                        ]
                                    )
                                    ( TermSymbol
                                        ( Location
                                            { locFile = "<nowhere>"
                                            , locLine = -1
                                            , locColumn = -1
                                            }
                                        )
                                        ( SymbolPredicate
                                            ( PredicateRelation
                                                ( Command "in" )
                                            )
                                        )
                                        [ TermVar
                                            ( B
                                                ( NamedVar "a" )
                                            )
                                        , TermVar
                                            ( F
                                                ( TermVar
                                                    ( B
                                                        ( NamedVar "B" )
                                                    )
                                                )
                                            )
                                        ]
                                    )
                                )
                            )
                        )
                        ( TermSymbol
                            ( Location
                                { locFile = "<nowhere>"
                                , locLine = -1
                                , locColumn = -1
                                }
                            )
                            ( SymbolPredicate
                                ( PredicateRelation
                                    ( Symbol "=" )
                                )
                            )
                            [ TermVar
                                ( B
                                    ( NamedVar "A" )
                                )
                            , TermVar
                                ( B
                                    ( NamedVar "B" )
                                )
                            ]
                        )
                    )
                )
            )
        ]
    , taskConjectureLabel = Marker "union_assoc"
    , taskLocation = Location
        { locFile = "test/examples/union.tex"
        , locLine = 19
        , locColumn = 5
        }
    , taskConjecture = Quantified Universally
        ( Scope
            ( Connected Implication
                ( TermSymbol
                    ( Location
                        { locFile = "<nowhere>"
                        , locLine = -1
                        , locColumn = -1
                        }
                    )
                    ( SymbolPredicate
                        ( PredicateRelation
                            ( Command "in" )
                        )
                    )
                    [ TermVar
                        ( B
                            ( NamedVar "a" )
                        )
                    , TermSymbol
                        ( Location
                            { locFile = "<nowhere>"
                            , locLine = -1
                            , locColumn = -1
                            }
                        )
                        ( SymbolMixfix
                            [ Nothing
                            , Just
                                ( Command "union" )
                            , Nothing
                            ]
                        )
                        [ TermSymbol
                            ( Location
                                { locFile = "<nowhere>"
                                , locLine = -1
                                , locColumn = -1
                                }
                            )
                            ( SymbolMixfix
                                [ Nothing
                                , Just
                                    ( Command "union" )
                                , Nothing
                                ]
                            )
                            [ TermVar
                                ( F
                                    ( TermVar
                                        ( NamedVar "A" )
                                    )
                                )
                            , TermVar
                                ( F
                                    ( TermVar
                                        ( NamedVar "B" )
                                    )
                                )
                            ]
                        , TermVar
                            ( F
                                ( TermVar
                                    ( NamedVar "C" )
                                )
                            )
                        ]
                    ]
                )
                ( TermSymbol
                    ( Location
                        { locFile = "<nowhere>"
                        , locLine = -1
                        , locColumn = -1
                        }
                    )
                    ( SymbolPredicate
                        ( PredicateRelation
                            ( Command "in" )
                        )
                    )
                    [ TermVar
                        ( B
                            ( NamedVar "a" )
                        )
                    , TermSymbol
                        ( Location
                            { locFile = "<nowhere>"
                            , locLine = -1
                            , locColumn = -1
                            }
                        )
                        ( SymbolMixfix
                            [ Nothing
                            , Just
                                ( Command "union" )
                            , Nothing
                            ]
                        )
                        [ TermVar
                            ( F
                                ( TermVar
                                    ( NamedVar "A" )
                                )
                            )
                        , TermSymbol
                            ( Location
                                { locFile = "<nowhere>"
                                , locLine = -1
                                , locColumn = -1
                                }
                            )
                            ( SymbolMixfix
                                [ Nothing
                                , Just
                                    ( Command "union" )
                                , Nothing
                                ]
                            )
                            [ TermVar
                                ( F
                                    ( TermVar
                                        ( NamedVar "B" )
                                    )
                                )
                            , TermVar
                                ( F
                                    ( TermVar
                                        ( NamedVar "C" )
                                    )
                                )
                            ]
                        ]
                    ]
                )
            )
        )
    }
, Task
    { taskDirectness = Direct
    , taskHypotheses =
        [
            ( Marker "union_comm"
            , Quantified Universally
                ( Scope
                    ( TermSymbol
                        ( Location
                            { locFile = "<nowhere>"
                            , locLine = -1
                            , locColumn = -1
                            }
                        )
                        ( SymbolPredicate
                            ( PredicateRelation
                                ( Symbol "=" )
                            )
                        )
                        [ TermSymbol
                            ( Location
                                { locFile = "<nowhere>"
                                , locLine = -1
                                , locColumn = -1
                                }
                            )
                            ( SymbolMixfix
                                [ Nothing
                                , Just
                                    ( Command "union" )
                                , Nothing
                                ]
                            )
                            [ TermVar
                                ( B
                                    ( NamedVar "A" )
                                )
                            , TermVar
                                ( B
                                    ( NamedVar "B" )
                                )
                            ]
                        , TermSymbol
                            ( Location
                                { locFile = "<nowhere>"
                                , locLine = -1
                                , locColumn = -1
                                }
                            )
                            ( SymbolMixfix
                                [ Nothing
                                , Just
                                    ( Command "union" )
                                , Nothing
                                ]
                            )
                            [ TermVar
                                ( B
                                    ( NamedVar "B" )
                                )
                            , TermVar
                                ( B
                                    ( NamedVar "A" )
                                )
                            ]
                        ]
                    )
                )
            )
        ,
            ( Marker "union_defn"
            , Quantified Universally
                ( Scope
                    ( Connected Equivalence
                        ( TermSymbol
                            ( Location
                                { locFile = "<nowhere>"
                                , locLine = -1
                                , locColumn = -1
                                }
                            )
                            ( SymbolPredicate
                                ( PredicateRelation
                                    ( Command "in" )
                                )
                            )
                            [ TermVar
                                ( B
                                    ( NamedVar "a" )
                                )
                            , TermSymbol
                                ( Location
                                    { locFile = "<nowhere>"
                                    , locLine = -1
                                    , locColumn = -1
                                    }
                                )
                                ( SymbolMixfix
                                    [ Nothing
                                    , Just
                                        ( Command "union" )
                                    , Nothing
                                    ]
                                )
                                [ TermVar
                                    ( B
                                        ( NamedVar "A" )
                                    )
                                , TermVar
                                    ( B
                                        ( NamedVar "B" )
                                    )
                                ]
                            ]
                        )
                        ( Connected Disjunction
                            ( TermSymbol
                                ( Location
                                    { locFile = "<nowhere>"
                                    , locLine = -1
                                    , locColumn = -1
                                    }
                                )
                                ( SymbolPredicate
                                    ( PredicateRelation
                                        ( Command "in" )
                                    )
                                )
                                [ TermVar
                                    ( B
                                        ( NamedVar "a" )
                                    )
                                , TermVar
                                    ( B
                                        ( NamedVar "A" )
                                    )
                                ]
                            )
                            ( TermSymbol
                                ( Location
                                    { locFile = "<nowhere>"
                                    , locLine = -1
                                    , locColumn = -1
                                    }
                                )
                                ( SymbolPredicate
                                    ( PredicateRelation
                                        ( Command "in" )
                                    )
                                )
                                [ TermVar
                                    ( B
                                        ( NamedVar "a" )
                                    )
                                , TermVar
                                    ( B
                                        ( NamedVar "B" )
                                    )
                                ]
                            )
                        )
                    )
                )
            )
        ,
            ( Marker "ext"
            , Quantified Universally
                ( Scope
                    ( Connected Implication
                        ( Quantified Universally
                            ( Scope
                                ( Connected Equivalence
                                    ( TermSymbol
                                        ( Location
                                            { locFile = "<nowhere>"
                                            , locLine = -1
                                            , locColumn = -1
                                            }
                                        )
                                        ( SymbolPredicate
                                            ( PredicateRelation
                                                ( Command "in" )
                                            )
                                        )
                                        [ TermVar
                                            ( B
                                                ( NamedVar "a" )
                                            )
                                        , TermVar
                                            ( F
                                                ( TermVar
                                                    ( B
                                                        ( NamedVar "A" )
                                                    )
                                                )
                                            )
                                        ]
                                    )
                                    ( TermSymbol
                                        ( Location
                                            { locFile = "<nowhere>"
                                            , locLine = -1
                                            , locColumn = -1
                                            }
                                        )
                                        ( SymbolPredicate
                                            ( PredicateRelation
                                                ( Command "in" )
                                            )
                                        )
                                        [ TermVar
                                            ( B
                                                ( NamedVar "a" )
                                            )
                                        , TermVar
                                            ( F
                                                ( TermVar
                                                    ( B
                                                        ( NamedVar "B" )
                                                    )
                                                )
                                            )
                                        ]
                                    )
                                )
                            )
                        )
                        ( TermSymbol
                            ( Location
                                { locFile = "<nowhere>"
                                , locLine = -1
                                , locColumn = -1
                                }
                            )
                            ( SymbolPredicate
                                ( PredicateRelation
                                    ( Symbol "=" )
                                )
                            )
                            [ TermVar
                                ( B
                                    ( NamedVar "A" )
                                )
                            , TermVar
                                ( B
                                    ( NamedVar "B" )
                                )
                            ]
                        )
                    )
                )
            )
        ,
            ( Marker "union_assoc1"
            , Quantified Universally
                ( Scope
                    ( Connected Implication
                        ( TermSymbol
                            ( Location
                                { locFile = "<nowhere>"
                                , locLine = -1
                                , locColumn = -1
                                }
                            )
                            ( SymbolPredicate
                                ( PredicateRelation
                                    ( Command "in" )
                                )
                            )
                            [ TermVar
                                ( B
                                    ( NamedVar "a" )
                                )
                            , TermSymbol
                                ( Location
                                    { locFile = "<nowhere>"
                                    , locLine = -1
                                    , locColumn = -1
                                    }
                                )
                                ( SymbolMixfix
                                    [ Nothing
                                    , Just
                                        ( Command "union" )
                                    , Nothing
                                    ]
                                )
                                [ TermSymbol
                                    ( Location
                                        { locFile = "<nowhere>"
                                        , locLine = -1
                                        , locColumn = -1
                                        }
                                    )
                                    ( SymbolMixfix
                                        [ Nothing
                                        , Just
                                            ( Command "union" )
                                        , Nothing
                                        ]
                                    )
                                    [ TermVar
                                        ( F
                                            ( TermVar
                                                ( NamedVar "A" )
                                            )
                                        )
                                    , TermVar
                                        ( F
                                            ( TermVar
                                                ( NamedVar "B" )
                                            )
                                        )
                                    ]
                                , TermVar
                                    ( F
                                        ( TermVar
                                            ( NamedVar "C" )
                                        )
                                    )
                                ]
                            ]
                        )
                        ( TermSymbol
                            ( Location
                                { locFile = "<nowhere>"
                                , locLine = -1
                                , locColumn = -1
                                }
                            )
                            ( SymbolPredicate
                                ( PredicateRelation
                                    ( Command "in" )
                                )
                            )
                            [ TermVar
                                ( B
                                    ( NamedVar "a" )
                                )
                            , TermSymbol
                                ( Location
                                    { locFile = "<nowhere>"
                                    , locLine = -1
                                    , locColumn = -1
                                    }
                                )
                                ( SymbolMixfix
                                    [ Nothing
                                    , Just
                                        ( Command "union" )
                                    , Nothing
                                    ]
                                )
                                [ TermVar
                                    ( F
                                        ( TermVar
                                            ( NamedVar "A" )
                                        )
                                    )
                                , TermSymbol
                                    ( Location
                                        { locFile = "<nowhere>"
                                        , locLine = -1
                                        , locColumn = -1
                                        }
                                    )
                                    ( SymbolMixfix
                                        [ Nothing
                                        , Just
                                            ( Command "union" )
                                        , Nothing
                                        ]
                                    )
                                    [ TermVar
                                        ( F
                                            ( TermVar
                                                ( NamedVar "B" )
                                            )
                                        )
                                    , TermVar
                                        ( F
                                            ( TermVar
                                                ( NamedVar "C" )
                                            )
                                        )
                                    ]
                                ]
                            ]
                        )
                    )
                )
            )
        ]
    , taskConjectureLabel = Marker "union_assoc"
    , taskLocation = Location
        { locFile = "test/examples/union.tex"
        , locLine = 20
        , locColumn = 5
        }
    , taskConjecture = Quantified Universally
        ( Scope
            ( Connected Implication
                ( TermSymbol
                    ( Location
                        { locFile = "<nowhere>"
                        , locLine = -1
                        , locColumn = -1
                        }
                    )
                    ( SymbolPredicate
                        ( PredicateRelation
                            ( Command "in" )
                        )
                    )
                    [ TermVar
                        ( B
                            ( NamedVar "a" )
                        )
                    , TermSymbol
                        ( Location
                            { locFile = "<nowhere>"
                            , locLine = -1
                            , locColumn = -1
                            }
                        )
                        ( SymbolMixfix
                            [ Nothing
                            , Just
                                ( Command "union" )
                            , Nothing
                            ]
                        )
                        [ TermVar
                            ( F
                                ( TermVar
                                    ( NamedVar "A" )
                                )
                            )
                        , TermSymbol
                            ( Location
                                { locFile = "<nowhere>"
                                , locLine = -1
                                , locColumn = -1
                                }
                            )
                            ( SymbolMixfix
                                [ Nothing
                                , Just
                                    ( Command "union" )
                                , Nothing
                                ]
                            )
                            [ TermVar
                                ( F
                                    ( TermVar
                                        ( NamedVar "B" )
                                    )
                                )
                            , TermVar
                                ( F
                                    ( TermVar
                                        ( NamedVar "C" )
                                    )
                                )
                            ]
                        ]
                    ]
                )
                ( TermSymbol
                    ( Location
                        { locFile = "<nowhere>"
                        , locLine = -1
                        , locColumn = -1
                        }
                    )
                    ( SymbolPredicate
                        ( PredicateRelation
                            ( Command "in" )
                        )
                    )
                    [ TermVar
                        ( B
                            ( NamedVar "a" )
                        )
                    , TermSymbol
                        ( Location
                            { locFile = "<nowhere>"
                            , locLine = -1
                            , locColumn = -1
                            }
                        )
                        ( SymbolMixfix
                            [ Nothing
                            , Just
                                ( Command "union" )
                            , Nothing
                            ]
                        )
                        [ TermSymbol
                            ( Location
                                { locFile = "<nowhere>"
                                , locLine = -1
                                , locColumn = -1
                                }
                            )
                            ( SymbolMixfix
                                [ Nothing
                                , Just
                                    ( Command "union" )
                                , Nothing
                                ]
                            )
                            [ TermVar
                                ( F
                                    ( TermVar
                                        ( NamedVar "A" )
                                    )
                                )
                            , TermVar
                                ( F
                                    ( TermVar
                                        ( NamedVar "B" )
                                    )
                                )
                            ]
                        , TermVar
                            ( F
                                ( TermVar
                                    ( NamedVar "C" )
                                )
                            )
                        ]
                    ]
                )
            )
        )
    }
, Task
    { taskDirectness = Direct
    , taskHypotheses =
        [
            ( Marker "union_comm"
            , Quantified Universally
                ( Scope
                    ( TermSymbol
                        ( Location
                            { locFile = "<nowhere>"
                            , locLine = -1
                            , locColumn = -1
                            }
                        )
                        ( SymbolPredicate
                            ( PredicateRelation
                                ( Symbol "=" )
                            )
                        )
                        [ TermSymbol
                            ( Location
                                { locFile = "<nowhere>"
                                , locLine = -1
                                , locColumn = -1
                                }
                            )
                            ( SymbolMixfix
                                [ Nothing
                                , Just
                                    ( Command "union" )
                                , Nothing
                                ]
                            )
                            [ TermVar
                                ( B
                                    ( NamedVar "A" )
                                )
                            , TermVar
                                ( B
                                    ( NamedVar "B" )
                                )
                            ]
                        , TermSymbol
                            ( Location
                                { locFile = "<nowhere>"
                                , locLine = -1
                                , locColumn = -1
                                }
                            )
                            ( SymbolMixfix
                                [ Nothing
                                , Just
                                    ( Command "union" )
                                , Nothing
                                ]
                            )
                            [ TermVar
                                ( B
                                    ( NamedVar "B" )
                                )
                            , TermVar
                                ( B
                                    ( NamedVar "A" )
                                )
                            ]
                        ]
                    )
                )
            )
        ,
            ( Marker "union_defn"
            , Quantified Universally
                ( Scope
                    ( Connected Equivalence
                        ( TermSymbol
                            ( Location
                                { locFile = "<nowhere>"
                                , locLine = -1
                                , locColumn = -1
                                }
                            )
                            ( SymbolPredicate
                                ( PredicateRelation
                                    ( Command "in" )
                                )
                            )
                            [ TermVar
                                ( B
                                    ( NamedVar "a" )
                                )
                            , TermSymbol
                                ( Location
                                    { locFile = "<nowhere>"
                                    , locLine = -1
                                    , locColumn = -1
                                    }
                                )
                                ( SymbolMixfix
                                    [ Nothing
                                    , Just
                                        ( Command "union" )
                                    , Nothing
                                    ]
                                )
                                [ TermVar
                                    ( B
                                        ( NamedVar "A" )
                                    )
                                , TermVar
                                    ( B
                                        ( NamedVar "B" )
                                    )
                                ]
                            ]
                        )
                        ( Connected Disjunction
                            ( TermSymbol
                                ( Location
                                    { locFile = "<nowhere>"
                                    , locLine = -1
                                    , locColumn = -1
                                    }
                                )
                                ( SymbolPredicate
                                    ( PredicateRelation
                                        ( Command "in" )
                                    )
                                )
                                [ TermVar
                                    ( B
                                        ( NamedVar "a" )
                                    )
                                , TermVar
                                    ( B
                                        ( NamedVar "A" )
                                    )
                                ]
                            )
                            ( TermSymbol
                                ( Location
                                    { locFile = "<nowhere>"
                                    , locLine = -1
                                    , locColumn = -1
                                    }
                                )
                                ( SymbolPredicate
                                    ( PredicateRelation
                                        ( Command "in" )
                                    )
                                )
                                [ TermVar
                                    ( B
                                        ( NamedVar "a" )
                                    )
                                , TermVar
                                    ( B
                                        ( NamedVar "B" )
                                    )
                                ]
                            )
                        )
                    )
                )
            )
        ,
            ( Marker "ext"
            , Quantified Universally
                ( Scope
                    ( Connected Implication
                        ( Quantified Universally
                            ( Scope
                                ( Connected Equivalence
                                    ( TermSymbol
                                        ( Location
                                            { locFile = "<nowhere>"
                                            , locLine = -1
                                            , locColumn = -1
                                            }
                                        )
                                        ( SymbolPredicate
                                            ( PredicateRelation
                                                ( Command "in" )
                                            )
                                        )
                                        [ TermVar
                                            ( B
                                                ( NamedVar "a" )
                                            )
                                        , TermVar
                                            ( F
                                                ( TermVar
                                                    ( B
                                                        ( NamedVar "A" )
                                                    )
                                                )
                                            )
                                        ]
                                    )
                                    ( TermSymbol
                                        ( Location
                                            { locFile = "<nowhere>"
                                            , locLine = -1
                                            , locColumn = -1
                                            }
                                        )
                                        ( SymbolPredicate
                                            ( PredicateRelation
                                                ( Command "in" )
                                            )
                                        )
                                        [ TermVar
                                            ( B
                                                ( NamedVar "a" )
                                            )
                                        , TermVar
                                            ( F
                                                ( TermVar
                                                    ( B
                                                        ( NamedVar "B" )
                                                    )
                                                )
                                            )
                                        ]
                                    )
                                )
                            )
                        )
                        ( TermSymbol
                            ( Location
                                { locFile = "<nowhere>"
                                , locLine = -1
                                , locColumn = -1
                                }
                            )
                            ( SymbolPredicate
                                ( PredicateRelation
                                    ( Symbol "=" )
                                )
                            )
                            [ TermVar
                                ( B
                                    ( NamedVar "A" )
                                )
                            , TermVar
                                ( B
                                    ( NamedVar "B" )
                                )
                            ]
                        )
                    )
                )
            )
        ,
            ( Marker "union_assoc1"
            , Quantified Universally
                ( Scope
                    ( Connected Implication
                        ( TermSymbol
                            ( Location
                                { locFile = "<nowhere>"
                                , locLine = -1
                                , locColumn = -1
                                }
                            )
                            ( SymbolPredicate
                                ( PredicateRelation
                                    ( Command "in" )
                                )
                            )
                            [ TermVar
                                ( B
                                    ( NamedVar "a" )
                                )
                            , TermSymbol
                                ( Location
                                    { locFile = "<nowhere>"
                                    , locLine = -1
                                    , locColumn = -1
                                    }
                                )
                                ( SymbolMixfix
                                    [ Nothing
                                    , Just
                                        ( Command "union" )
                                    , Nothing
                                    ]
                                )
                                [ TermVar
                                    ( F
                                        ( TermVar
                                            ( NamedVar "A" )
                                        )
                                    )
                                , TermSymbol
                                    ( Location
                                        { locFile = "<nowhere>"
                                        , locLine = -1
                                        , locColumn = -1
                                        }
                                    )
                                    ( SymbolMixfix
                                        [ Nothing
                                        , Just
                                            ( Command "union" )
                                        , Nothing
                                        ]
                                    )
                                    [ TermVar
                                        ( F
                                            ( TermVar
                                                ( NamedVar "B" )
                                            )
                                        )
                                    , TermVar
                                        ( F
                                            ( TermVar
                                                ( NamedVar "C" )
                                            )
                                        )
                                    ]
                                ]
                            ]
                        )
                        ( TermSymbol
                            ( Location
                                { locFile = "<nowhere>"
                                , locLine = -1
                                , locColumn = -1
                                }
                            )
                            ( SymbolPredicate
                                ( PredicateRelation
                                    ( Command "in" )
                                )
                            )
                            [ TermVar
                                ( B
                                    ( NamedVar "a" )
                                )
                            , TermSymbol
                                ( Location
                                    { locFile = "<nowhere>"
                                    , locLine = -1
                                    , locColumn = -1
                                    }
                                )
                                ( SymbolMixfix
                                    [ Nothing
                                    , Just
                                        ( Command "union" )
                                    , Nothing
                                    ]
                                )
                                [ TermSymbol
                                    ( Location
                                        { locFile = "<nowhere>"
                                        , locLine = -1
                                        , locColumn = -1
                                        }
                                    )
                                    ( SymbolMixfix
                                        [ Nothing
                                        , Just
                                            ( Command "union" )
                                        , Nothing
                                        ]
                                    )
                                    [ TermVar
                                        ( F
                                            ( TermVar
                                                ( NamedVar "A" )
                                            )
                                        )
                                    , TermVar
                                        ( F
                                            ( TermVar
                                                ( NamedVar "B" )
                                            )
                                        )
                                    ]
                                , TermVar
                                    ( F
                                        ( TermVar
                                            ( NamedVar "C" )
                                        )
                                    )
                                ]
                            ]
                        )
                    )
                )
            )
        ,
            ( Marker "union_assoc2"
            , Quantified Universally
                ( Scope
                    ( Connected Implication
                        ( TermSymbol
                            ( Location
                                { locFile = "<nowhere>"
                                , locLine = -1
                                , locColumn = -1
                                }
                            )
                            ( SymbolPredicate
                                ( PredicateRelation
                                    ( Command "in" )
                                )
                            )
                            [ TermVar
                                ( B
                                    ( NamedVar "a" )
                                )
                            , TermSymbol
                                ( Location
                                    { locFile = "<nowhere>"
                                    , locLine = -1
                                    , locColumn = -1
                                    }
                                )
                                ( SymbolMixfix
                                    [ Nothing
                                    , Just
                                        ( Command "union" )
                                    , Nothing
                                    ]
                                )
                                [ TermSymbol
                                    ( Location
                                        { locFile = "<nowhere>"
                                        , locLine = -1
                                        , locColumn = -1
                                        }
                                    )
                                    ( SymbolMixfix
                                        [ Nothing
                                        , Just
                                            ( Command "union" )
                                        , Nothing
                                        ]
                                    )
                                    [ TermVar
                                        ( F
                                            ( TermVar
                                                ( NamedVar "A" )
                                            )
                                        )
                                    , TermVar
                                        ( F
                                            ( TermVar
                                                ( NamedVar "B" )
                                            )
                                        )
                                    ]
                                , TermVar
                                    ( F
                                        ( TermVar
                                            ( NamedVar "C" )
                                        )
                                    )
                                ]
                            ]
                        )
                        ( TermSymbol
                            ( Location
                                { locFile = "<nowhere>"
                                , locLine = -1
                                , locColumn = -1
                                }
                            )
                            ( SymbolPredicate
                                ( PredicateRelation
                                    ( Command "in" )
                                )
                            )
                            [ TermVar
                                ( B
                                    ( NamedVar "a" )
                                )
                            , TermSymbol
                                ( Location
                                    { locFile = "<nowhere>"
                                    , locLine = -1
                                    , locColumn = -1
                                    }
                                )
                                ( SymbolMixfix
                                    [ Nothing
                                    , Just
                                        ( Command "union" )
                                    , Nothing
                                    ]
                                )
                                [ TermVar
                                    ( F
                                        ( TermVar
                                            ( NamedVar "A" )
                                        )
                                    )
                                , TermSymbol
                                    ( Location
                                        { locFile = "<nowhere>"
                                        , locLine = -1
                                        , locColumn = -1
                                        }
                                    )
                                    ( SymbolMixfix
                                        [ Nothing
                                        , Just
                                            ( Command "union" )
                                        , Nothing
                                        ]
                                    )
                                    [ TermVar
                                        ( F
                                            ( TermVar
                                                ( NamedVar "B" )
                                            )
                                        )
                                    , TermVar
                                        ( F
                                            ( TermVar
                                                ( NamedVar "C" )
                                            )
                                        )
                                    ]
                                ]
                            ]
                        )
                    )
                )
            )
        ]
    , taskConjectureLabel = Marker "union_assoc"
    , taskLocation = Location
        { locFile = "test/examples/union.tex"
        , locLine = 21
        , locColumn = 1
        }
    , taskConjecture = TermSymbol
        ( Location
            { locFile = "<nowhere>"
            , locLine = -1
            , locColumn = -1
            }
        )
        ( SymbolPredicate
            ( PredicateRelation
                ( Symbol "=" )
            )
        )
        [ TermSymbol
            ( Location
                { locFile = "<nowhere>"
                , locLine = -1
                , locColumn = -1
                }
            )
            ( SymbolMixfix
                [ Nothing
                , Just
                    ( Command "union" )
                , Nothing
                ]
            )
            [ TermSymbol
                ( Location
                    { locFile = "<nowhere>"
                    , locLine = -1
                    , locColumn = -1
                    }
                )
                ( SymbolMixfix
                    [ Nothing
                    , Just
                        ( Command "union" )
                    , Nothing
                    ]
                )
                [ TermVar
                    ( NamedVar "A" )
                , TermVar
                    ( NamedVar "B" )
                ]
            , TermVar
                ( NamedVar "C" )
            ]
        , TermSymbol
            ( Location
                { locFile = "<nowhere>"
                , locLine = -1
                , locColumn = -1
                }
            )
            ( SymbolMixfix
                [ Nothing
                , Just
                    ( Command "union" )
                , Nothing
                ]
            )
            [ TermVar
                ( NamedVar "A" )
            , TermSymbol
                ( Location
                    { locFile = "<nowhere>"
                    , locLine = -1
                    , locColumn = -1
                    }
                )
                ( SymbolMixfix
                    [ Nothing
                    , Just
                        ( Command "union" )
                    , Nothing
                    ]
                )
                [ TermVar
                    ( NamedVar "B" )
                , TermVar
                    ( NamedVar "C" )
                ]
            ]
        ]
    }
]