[ BlockAxiom
    ( Location
        { locFile = "test/examples/union.tex"
        , locLine = 1
        , locColumn = 1
        }
    )
    ( Marker "ext" )
    ( Axiom
        [ AsmSuppose
            ( SymbolicQuantified
                { loc = Location
                    { locFile = "test/examples/union.tex"
                    , locLine = 2
                    , locColumn = 13
                    }
                , quant = Universally
                , xs = NamedVar "a" :| []
                , b = Unbounded
                , suchThat = Nothing
                , stmt = StmtConnected
                    { conn = Equivalence
                    , mloc = Nothing
                    , stmt1 = StmtFormula
                        { loc = Location
                            { locFile = "test/examples/union.tex"
                            , locLine = 2
                            , locColumn = 33
                            }
                        , formula = FormulaChain
                            ( ChainBase
                                ( ExprVar
                                    ( NamedVar "a" ) :| []
                                ) Positive
                                ( Relation
                                    ( RelationSymbol
                                        ( Command "in" )
                                        ( Marker "elem" )
                                    ) []
                                )
                                ( ExprVar
                                    ( NamedVar "A" ) :| []
                                )
                            )
                        }
                    , stmt2 = StmtFormula
                        { loc = Location
                            { locFile = "test/examples/union.tex"
                            , locLine = 2
                            , locColumn = 46
                            }
                        , formula = FormulaChain
                            ( ChainBase
                                ( ExprVar
                                    ( NamedVar "a" ) :| []
                                ) Positive
                                ( Relation
                                    ( RelationSymbol
                                        ( Command "in" )
                                        ( Marker "elem" )
                                    ) []
                                )
                                ( ExprVar
                                    ( NamedVar "B" ) :| []
                                )
                            )
                        }
                    }
                }
            )
        ]
        ( StmtFormula
            { loc = Location
                { locFile = "test/examples/union.tex"
                , locLine = 3
                , locColumn = 10
                }
            , formula = FormulaChain
                ( ChainBase
                    ( ExprVar
                        ( NamedVar "A" ) :| []
                    ) Positive
                    ( Relation
                        ( RelationSymbol
                            ( Symbol "=" )
                            ( Marker "eq" )
                        ) []
                    )
                    ( ExprVar
                        ( NamedVar "B" ) :| []
                    )
                )
            }
        )
    )
, BlockAxiom
    ( Location
        { locFile = "test/examples/union.tex"
        , locLine = 6
        , locColumn = 1
        }
    )
    ( Marker "union_defn" )
    ( Axiom
        [ AsmLetNoun
            ( NamedVar "A" :|
                [ NamedVar "B" ]
            ) NounPhrase ( [] )
            ( Noun
                ( LexicalItemSgPl
                    ( SgPl
                        { sg = TokenCons
                            ( Word "set" ) End
                        , pl = TokenCons
                            ( Word "sets" ) End
                        }
                    )
                    ( Marker "set" )
                ) []
            ) ( Nothing ) ( [] ) ( Nothing )
        ]
        ( StmtConnected
            { conn = Equivalence
            , mloc = Nothing
            , stmt1 = StmtFormula
                { loc = Location
                    { locFile = "test/examples/union.tex"
                    , locLine = 8
                    , locColumn = 5
                    }
                , formula = FormulaChain
                    ( ChainBase
                        ( ExprVar
                            ( NamedVar "a" ) :| []
                        ) Positive
                        ( Relation
                            ( RelationSymbol
                                ( Command "in" )
                                ( Marker "elem" )
                            ) []
                        )
                        ( ExprOp
                            ( MixfixItem
                                ( HoleCons
                                    ( TokenCons
                                        ( Command "union" ) ( HoleCons End )
                                    )
                                )
                                ( Marker "union" ) LeftAssoc
                            )
                            [ ExprVar
                                ( NamedVar "A" )
                            , ExprVar
                                ( NamedVar "B" )
                            ] :| []
                        )
                    )
                }
            , stmt2 = StmtConnected
                { conn = Disjunction
                , mloc = Nothing
                , stmt1 = StmtFormula
                    { loc = Location
                        { locFile = "test/examples/union.tex"
                        , locLine = 8
                        , locColumn = 26
                        }
                    , formula = FormulaChain
                        ( ChainBase
                            ( ExprVar
                                ( NamedVar "a" ) :| []
                            ) Positive
                            ( Relation
                                ( RelationSymbol
                                    ( Command "in" )
                                    ( Marker "elem" )
                                ) []
                            )
                            ( ExprVar
                                ( NamedVar "A" ) :| []
                            )
                        )
                    }
                , stmt2 = StmtFormula
                    { loc = Location
                        { locFile = "test/examples/union.tex"
                        , locLine = 8
                        , locColumn = 38
                        }
                    , formula = FormulaChain
                        ( ChainBase
                            ( ExprVar
                                ( NamedVar "a" ) :| []
                            ) Positive
                            ( Relation
                                ( RelationSymbol
                                    ( Command "in" )
                                    ( Marker "elem" )
                                ) []
                            )
                            ( ExprVar
                                ( NamedVar "B" ) :| []
                            )
                        )
                    }
                }
            }
        )
    )
, BlockLemma
    ( Location
        { locFile = "test/examples/union.tex"
        , locLine = 11
        , locColumn = 1
        }
    )
    ( Marker "union_comm" )
    ( Lemma []
        ( StmtFormula
            { loc = Location
                { locFile = "test/examples/union.tex"
                , locLine = 12
                , locColumn = 5
                }
            , formula = FormulaChain
                ( ChainBase
                    ( ExprOp
                        ( MixfixItem
                            ( HoleCons
                                ( TokenCons
                                    ( Command "union" ) ( HoleCons End )
                                )
                            )
                            ( Marker "union" ) LeftAssoc
                        )
                        [ ExprVar
                            ( NamedVar "A" )
                        , ExprVar
                            ( NamedVar "B" )
                        ] :| []
                    ) Positive
                    ( Relation
                        ( RelationSymbol
                            ( Symbol "=" )
                            ( Marker "eq" )
                        ) []
                    )
                    ( ExprOp
                        ( MixfixItem
                            ( HoleCons
                                ( TokenCons
                                    ( Command "union" ) ( HoleCons End )
                                )
                            )
                            ( Marker "union" ) LeftAssoc
                        )
                        [ ExprVar
                            ( NamedVar "B" )
                        , ExprVar
                            ( NamedVar "A" )
                        ] :| []
                    )
                )
            }
        )
    )
, BlockLemma
    ( Location
        { locFile = "test/examples/union.tex"
        , locLine = 15
        , locColumn = 1
        }
    )
    ( Marker "union_assoc" )
    ( Lemma []
        ( StmtFormula
            { loc = Location
                { locFile = "test/examples/union.tex"
                , locLine = 16
                , locColumn = 5
                }
            , formula = FormulaChain
                ( ChainBase
                    ( ExprOp
                        ( MixfixItem
                            ( HoleCons
                                ( TokenCons
                                    ( Command "union" ) ( HoleCons End )
                                )
                            )
                            ( Marker "union" ) LeftAssoc
                        )
                        [ ExprOp
                            ( MixfixItem
                                ( HoleCons
                                    ( TokenCons
                                        ( Command "union" ) ( HoleCons End )
                                    )
                                )
                                ( Marker "union" ) LeftAssoc
                            )
                            [ ExprVar
                                ( NamedVar "A" )
                            , ExprVar
                                ( NamedVar "B" )
                            ]
                        , ExprVar
                            ( NamedVar "C" )
                        ] :| []
                    ) Positive
                    ( Relation
                        ( RelationSymbol
                            ( Symbol "=" )
                            ( Marker "eq" )
                        ) []
                    )
                    ( ExprOp
                        ( MixfixItem
                            ( HoleCons
                                ( TokenCons
                                    ( Command "union" ) ( HoleCons End )
                                )
                            )
                            ( Marker "union" ) LeftAssoc
                        )
                        [ ExprVar
                            ( NamedVar "A" )
                        , ExprOp
                            ( MixfixItem
                                ( HoleCons
                                    ( TokenCons
                                        ( Command "union" ) ( HoleCons End )
                                    )
                                )
                                ( Marker "union" ) LeftAssoc
                            )
                            [ ExprVar
                                ( NamedVar "B" )
                            , ExprVar
                                ( NamedVar "C" )
                            ]
                        ] :| []
                    )
                )
            }
        )
    )
, BlockProof
    ( Location
        { locFile = "test/examples/union.tex"
        , locLine = 18
        , locColumn = 1
        }
    )
    ( Have
        ( Location
            { locFile = "test/examples/union.tex"
            , locLine = 19
            , locColumn = 5
            }
        ) Nothing
        ( SymbolicQuantified
            { loc = Location
                { locFile = "test/examples/union.tex"
                , locLine = 19
                , locColumn = 5
                }
            , quant = Universally
            , xs = NamedVar "a" :| []
            , b = Unbounded
            , suchThat = Nothing
            , stmt = StmtConnected
                { conn = Implication
                , mloc = Just
                    ( Location
                        { locFile = "test/examples/union.tex"
                        , locLine = 19
                        , locColumn = 25
                        }
                    )
                , stmt1 = StmtFormula
                    { loc = Location
                        { locFile = "test/examples/union.tex"
                        , locLine = 19
                        , locColumn = 28
                        }
                    , formula = FormulaChain
                        ( ChainBase
                            ( ExprVar
                                ( NamedVar "a" ) :| []
                            ) Positive
                            ( Relation
                                ( RelationSymbol
                                    ( Command "in" )
                                    ( Marker "elem" )
                                ) []
                            )
                            ( ExprOp
                                ( MixfixItem
                                    ( HoleCons
                                        ( TokenCons
                                            ( Command "union" ) ( HoleCons End )
                                        )
                                    )
                                    ( Marker "union" ) LeftAssoc
                                )
                                [ ExprOp
                                    ( MixfixItem
                                        ( HoleCons
                                            ( TokenCons
                                                ( Command "union" ) ( HoleCons End )
                                            )
                                        )
                                        ( Marker "union" ) LeftAssoc
                                    )
                                    [ ExprVar
                                        ( NamedVar "A" )
                                    , ExprVar
                                        ( NamedVar "B" )
                                    ]
                                , ExprVar
                                    ( NamedVar "C" )
                                ] :| []
                            )
                        )
                    }
                , stmt2 = StmtFormula
                    { loc = Location
                        { locFile = "test/examples/union.tex"
                        , locLine = 19
                        , locColumn = 61
                        }
                    , formula = FormulaChain
                        ( ChainBase
                            ( ExprVar
                                ( NamedVar "a" ) :| []
                            ) Positive
                            ( Relation
                                ( RelationSymbol
                                    ( Command "in" )
                                    ( Marker "elem" )
                                ) []
                            )
                            ( ExprOp
                                ( MixfixItem
                                    ( HoleCons
                                        ( TokenCons
                                            ( Command "union" ) ( HoleCons End )
                                        )
                                    )
                                    ( Marker "union" ) LeftAssoc
                                )
                                [ ExprVar
                                    ( NamedVar "A" )
                                , ExprOp
                                    ( MixfixItem
                                        ( HoleCons
                                            ( TokenCons
                                                ( Command "union" ) ( HoleCons End )
                                            )
                                        )
                                        ( Marker "union" ) LeftAssoc
                                    )
                                    [ ExprVar
                                        ( NamedVar "B" )
                                    , ExprVar
                                        ( NamedVar "C" )
                                    ]
                                ] :| []
                            )
                        )
                    }
                }
            }
        ) JustificationEmpty
        ( Have
            ( Location
                { locFile = "test/examples/union.tex"
                , locLine = 20
                , locColumn = 5
                }
            ) Nothing
            ( SymbolicQuantified
                { loc = Location
                    { locFile = "test/examples/union.tex"
                    , locLine = 20
                    , locColumn = 5
                    }
                , quant = Universally
                , xs = NamedVar "a" :| []
                , b = Unbounded
                , suchThat = Nothing
                , stmt = StmtConnected
                    { conn = Implication
                    , mloc = Just
                        ( Location
                            { locFile = "test/examples/union.tex"
                            , locLine = 20
                            , locColumn = 25
                            }
                        )
                    , stmt1 = StmtFormula
                        { loc = Location
                            { locFile = "test/examples/union.tex"
                            , locLine = 20
                            , locColumn = 28
                            }
                        , formula = FormulaChain
                            ( ChainBase
                                ( ExprVar
                                    ( NamedVar "a" ) :| []
                                ) Positive
                                ( Relation
                                    ( RelationSymbol
                                        ( Command "in" )
                                        ( Marker "elem" )
                                    ) []
                                )
                                ( ExprOp
                                    ( MixfixItem
                                        ( HoleCons
                                            ( TokenCons
                                                ( Command "union" ) ( HoleCons End )
                                            )
                                        )
                                        ( Marker "union" ) LeftAssoc
                                    )
                                    [ ExprVar
                                        ( NamedVar "A" )
                                    , ExprOp
                                        ( MixfixItem
                                            ( HoleCons
                                                ( TokenCons
                                                    ( Command "union" ) ( HoleCons End )
                                                )
                                            )
                                            ( Marker "union" ) LeftAssoc
                                        )
                                        [ ExprVar
                                            ( NamedVar "B" )
                                        , ExprVar
                                            ( NamedVar "C" )
                                        ]
                                    ] :| []
                                )
                            )
                        }
                    , stmt2 = StmtFormula
                        { loc = Location
                            { locFile = "test/examples/union.tex"
                            , locLine = 20
                            , locColumn = 61
                            }
                        , formula = FormulaChain
                            ( ChainBase
                                ( ExprVar
                                    ( NamedVar "a" ) :| []
                                ) Positive
                                ( Relation
                                    ( RelationSymbol
                                        ( Command "in" )
                                        ( Marker "elem" )
                                    ) []
                                )
                                ( ExprOp
                                    ( MixfixItem
                                        ( HoleCons
                                            ( TokenCons
                                                ( Command "union" ) ( HoleCons End )
                                            )
                                        )
                                        ( Marker "union" ) LeftAssoc
                                    )
                                    [ ExprOp
                                        ( MixfixItem
                                            ( HoleCons
                                                ( TokenCons
                                                    ( Command "union" ) ( HoleCons End )
                                                )
                                            )
                                            ( Marker "union" ) LeftAssoc
                                        )
                                        [ ExprVar
                                            ( NamedVar "A" )
                                        , ExprVar
                                            ( NamedVar "B" )
                                        ]
                                    , ExprVar
                                        ( NamedVar "C" )
                                    ] :| []
                                )
                            )
                        }
                    }
                }
            ) JustificationEmpty ( Qed Nothing JustificationEmpty )
        )
    )
    ( Location
        { locFile = "test/examples/union.tex"
        , locLine = 21
        , locColumn = 1
        }
    )
]