[ BlockLemma
    ( Location
        { locFile = "test/examples/formula.tex"
        , locLine = 1
        , locColumn = 1
        }
    )
    ( Marker "formula_test_forall" )
    ( Lemma []
        ( Quantified Universally
            ( Scope
                ( Connected Conjunction
                    ( TermSymbol
                        ( Location
                            { locFile = "test/examples/formula.tex"
                            , locLine = 2
                            , locColumn = 22
                            }
                        )
                        ( SymbolPredicate
                            ( PredicateRelation
                                ( RelationSymbol
                                    ( Symbol "=" )
                                    ( Marker "eq" )
                                )
                            )
                        )
                        [ TermVar
                            ( B
                                ( NamedVar "x" )
                            )
                        , TermVar
                            ( B
                                ( NamedVar "x" )
                            )
                        ]
                    )
                    ( TermSymbol
                        ( Location
                            { locFile = "test/examples/formula.tex"
                            , locLine = 2
                            , locColumn = 33
                            }
                        )
                        ( SymbolPredicate
                            ( PredicateRelation
                                ( RelationSymbol
                                    ( Symbol "=" )
                                    ( Marker "eq" )
                                )
                            )
                        )
                        [ TermVar
                            ( B
                                ( NamedVar "y" )
                            )
                        , TermVar
                            ( B
                                ( NamedVar "y" )
                            )
                        ]
                    )
                )
            )
        )
    )
, BlockLemma
    ( Location
        { locFile = "test/examples/formula.tex"
        , locLine = 5
        , locColumn = 1
        }
    )
    ( Marker "formula_test_exists" )
    ( Lemma []
        ( Quantified Existentially
            ( Scope
                ( TermSymbol
                    ( Location
                        { locFile = "test/examples/formula.tex"
                        , locLine = 6
                        , locColumn = 22
                        }
                    )
                    ( SymbolPredicate
                        ( PredicateRelation
                            ( RelationSymbol
                                ( Symbol "=" )
                                ( Marker "eq" )
                            )
                        )
                    )
                    [ TermVar
                        ( B
                            ( NamedVar "x" )
                        )
                    , TermVar
                        ( B
                            ( NamedVar "y" )
                        )
                    ]
                )
            )
        )
    )
, BlockLemma
    ( Location
        { locFile = "test/examples/formula.tex"
        , locLine = 9
        , locColumn = 1
        }
    )
    ( Marker "formula_test_not_exists" )
    ( Lemma []
        ( Connected Equivalence
            ( Quantified Existentially
                ( Scope
                    ( TermSymbol
                        ( Location
                            { locFile = "test/examples/formula.tex"
                            , locLine = 10
                            , locColumn = 22
                            }
                        )
                        ( SymbolPredicate
                            ( PredicateRelation
                                ( RelationSymbol
                                    ( Symbol "=" )
                                    ( Marker "eq" )
                                )
                            )
                        )
                        [ TermVar
                            ( B
                                ( NamedVar "x" )
                            )
                        , TermVar
                            ( B
                                ( NamedVar "y" )
                            )
                        ]
                    )
                )
            )
            ( Not
                ( Location
                    { locFile = "test/examples/formula.tex"
                    , locLine = 10
                    , locColumn = 42
                    }
                )
                ( Quantified Existentially
                    ( Scope
                        ( TermSymbol
                            ( Location
                                { locFile = "test/examples/formula.tex"
                                , locLine = 10
                                , locColumn = 60
                                }
                            )
                            ( SymbolPredicate
                                ( PredicateRelation
                                    ( RelationSymbol
                                        ( Command "neq" )
                                        ( Marker "neq" )
                                    )
                                )
                            )
                            [ TermVar
                                ( B
                                    ( NamedVar "x" )
                                )
                            , TermVar
                                ( B
                                    ( NamedVar "x" )
                                )
                            ]
                        )
                    )
                )
            )
        )
    )
]