[ BlockAbbr
    ( Location
        { locFile = "test/examples/abbr.tex"
        , locLine = 1
        , locColumn = 1
        }
    )
    ( Marker "empty" )
    ( AbbreviationAdj
        ( NamedVar "x" )
        ( Adj
            ( Location
                { locFile = "test/examples/abbr.tex"
                , locLine = 2
                , locColumn = 2
                }
            )
            [ Just
                ( Word "empty" )
            ] []
        )
        ( StmtNeg
            { pos = Location
                { locFile = "test/examples/abbr.tex"
                , locLine = 2
                , locColumn = 2
                }
            , stmt = SymbolicQuantified
                { pos = Location
                    { locFile = "test/examples/abbr.tex"
                    , locLine = 2
                    , locColumn = 2
                    }
                , quant = Existentially
                , xs = NamedVar "y" :| []
                , b = Unbounded
                , suchThat = Nothing
                , stmt = StmtFormula
                    { pos = Location
                        { locFile = "test/examples/abbr.tex"
                        , locLine = 2
                        , locColumn = 2
                        }
                    , formula = FormulaChain
                        ( ChainBase
                            ( ExprVar
                                ( NamedVar "y" ) :| []
                            ) Positive
                            ( RelationSymbol
                                ( Command "in" ) []
                            )
                            ( ExprVar
                                ( NamedVar "x" ) :| []
                            )
                        )
                    }
                }
            }
        )
    )
, BlockLemma
    ( Location
        { locFile = "test/examples/abbr.tex"
        , locLine = 5
        , locColumn = 5
        }
    )
    ( Marker "dummy_abbr_test_adj" )
    ( Lemma []
        ( StmtConnected
            { conn = Implication
            , mpos = Just
                ( Location
                    { locFile = "test/examples/abbr.tex"
                    , locLine = 6
                    , locColumn = 6
                    }
                )
            , stmt1 = StmtVerbPhrase
                { args = TermExpr
                    ( Location
                        { locFile = "test/examples/abbr.tex"
                        , locLine = 6
                        , locColumn = 6
                        }
                    )
                    ( ExprVar
                        ( NamedVar "x" )
                    ) :| []
                , verb = VPAdj
                    ( Adj
                        ( Location
                            { locFile = "test/examples/abbr.tex"
                            , locLine = 6
                            , locColumn = 6
                            }
                        )
                        [ Just
                            ( Word "empty" )
                        ] [] :| []
                    )
                }
            , stmt2 = StmtVerbPhrase
                { args = TermExpr
                    ( Location
                        { locFile = "test/examples/abbr.tex"
                        , locLine = 6
                        , locColumn = 6
                        }
                    )
                    ( ExprVar
                        ( NamedVar "x" )
                    ) :| []
                , verb = VPAdj
                    ( Adj
                        ( Location
                            { locFile = "test/examples/abbr.tex"
                            , locLine = 6
                            , locColumn = 6
                            }
                        )
                        [ Just
                            ( Word "empty" )
                        ] [] :| []
                    )
                }
            }
        )
    )
, BlockAbbr
    ( Location
        { locFile = "test/examples/abbr.tex"
        , locLine = 11
        , locColumn = 11
        }
    )
    ( Marker "function" )
    ( AbbreviationNoun
        ( NamedVar "x" )
        ( Noun
            ( SgPl
                { sg =
                    [ Just
                        ( Word "function" )
                    ]
                , pl =
                    [ Just
                        ( Word "functions" )
                    ]
                }
            ) []
        )
        ( StmtFormula
            { pos = Location
                { locFile = "test/examples/abbr.tex"
                , locLine = 12
                , locColumn = 12
                }
            , formula = FormulaChain
                ( ChainBase
                    ( ExprVar
                        ( NamedVar "x" ) :| []
                    ) Positive
                    ( RelationSymbol
                        ( Symbol "=" ) []
                    )
                    ( ExprVar
                        ( NamedVar "x" ) :| []
                    )
                )
            }
        )
    )
, BlockLemma
    ( Location
        { locFile = "test/examples/abbr.tex"
        , locLine = 15
        , locColumn = 15
        }
    )
    ( Marker "dummy_abbr_test_noun" )
    ( Lemma []
        ( SymbolicQuantified
            { pos = Location
                { locFile = "test/examples/abbr.tex"
                , locLine = 16
                , locColumn = 16
                }
            , quant = Universally
            , xs = NamedVar "x" :| []
            , b = Unbounded
            , suchThat = Nothing
            , stmt = StmtNoun
                { pos = Location
                    { locFile = "test/examples/abbr.tex"
                    , locLine = 16
                    , locColumn = 16
                    }
                , args = TermExpr
                    ( Location
                        { locFile = "test/examples/abbr.tex"
                        , locLine = 16
                        , locColumn = 16
                        }
                    )
                    ( ExprVar
                        ( NamedVar "x" )
                    ) :| []
                , noun = NounPhrase ( [] )
                    ( Noun
                        ( SgPl
                            { sg =
                                [ Just
                                    ( Word "function" )
                                ]
                            , pl =
                                [ Just
                                    ( Word "functions" )
                                ]
                            }
                        ) []
                    ) ( Nothing ) ( [] ) ( Nothing )
                }
            }
        )
    )
, BlockAbbr
    ( Location
        { locFile = "test/examples/abbr.tex"
        , locLine = 21
        , locColumn = 21
        }
    )
    ( Marker "converges" )
    ( AbbreviationVerb
        ( NamedVar "x" )
        ( Verb
            ( Location
                { locFile = "test/examples/abbr.tex"
                , locLine = 22
                , locColumn = 22
                }
            )
            ( SgPl
                { sg =
                    [ Just
                        ( Word "converges" )
                    , Just
                        ( Word "to" )
                    , Nothing
                    ]
                , pl =
                    [ Just
                        ( Word "converge" )
                    , Just
                        ( Word "to" )
                    , Nothing
                    ]
                }
            )
            [ NamedVar "y" ]
        )
        ( StmtFormula
            { pos = Location
                { locFile = "test/examples/abbr.tex"
                , locLine = 22
                , locColumn = 22
                }
            , formula = FormulaChain
                ( ChainBase
                    ( ExprVar
                        ( NamedVar "x" ) :| []
                    ) Positive
                    ( RelationSymbol
                        ( Symbol "=" ) []
                    )
                    ( ExprVar
                        ( NamedVar "y" ) :| []
                    )
                )
            }
        )
    )
, BlockLemma
    ( Location
        { locFile = "test/examples/abbr.tex"
        , locLine = 25
        , locColumn = 25
        }
    )
    ( Marker "dummy_abbr_test_verb" )
    ( Lemma []
        ( StmtConnected
            { conn = Implication
            , mpos = Just
                ( Location
                    { locFile = "test/examples/abbr.tex"
                    , locLine = 26
                    , locColumn = 26
                    }
                )
            , stmt1 = StmtVerbPhrase
                { args = TermExpr
                    ( Location
                        { locFile = "test/examples/abbr.tex"
                        , locLine = 26
                        , locColumn = 26
                        }
                    )
                    ( ExprVar
                        ( NamedVar "x" )
                    ) :| []
                , verb = VPVerb
                    ( Verb
                        ( Location
                            { locFile = "test/examples/abbr.tex"
                            , locLine = 26
                            , locColumn = 26
                            }
                        )
                        ( SgPl
                            { sg =
                                [ Just
                                    ( Word "converges" )
                                , Just
                                    ( Word "to" )
                                , Nothing
                                ]
                            , pl =
                                [ Just
                                    ( Word "converge" )
                                , Just
                                    ( Word "to" )
                                , Nothing
                                ]
                            }
                        )
                        [ TermExpr
                            ( Location
                                { locFile = "test/examples/abbr.tex"
                                , locLine = 26
                                , locColumn = 26
                                }
                            )
                            ( ExprVar
                                ( NamedVar "y" )
                            )
                        ]
                    )
                }
            , stmt2 = StmtFormula
                { pos = Location
                    { locFile = "test/examples/abbr.tex"
                    , locLine = 26
                    , locColumn = 26
                    }
                , formula = FormulaChain
                    ( ChainBase
                        ( ExprVar
                            ( NamedVar "x" ) :| []
                        ) Positive
                        ( RelationSymbol
                            ( Symbol "=" ) []
                        )
                        ( ExprVar
                            ( NamedVar "y" ) :| []
                        )
                    )
                }
            }
        )
    )
, BlockLemma
    ( Location
        { locFile = "test/examples/abbr.tex"
        , locLine = 31
        , locColumn = 31
        }
    )
    ( Marker "abbr_test_notin" )
    ( Lemma []
        ( StmtConnected
            { conn = Implication
            , mpos = Just
                ( Location
                    { locFile = "test/examples/abbr.tex"
                    , locLine = 32
                    , locColumn = 32
                    }
                )
            , stmt1 = StmtFormula
                { pos = Location
                    { locFile = "test/examples/abbr.tex"
                    , locLine = 32
                    , locColumn = 32
                    }
                , formula = FormulaChain
                    ( ChainBase
                        ( ExprVar
                            ( NamedVar "x" ) :| []
                        ) Positive
                        ( RelationSymbol
                            ( Command "notin" ) []
                        )
                        ( ExprVar
                            ( NamedVar "y" ) :| []
                        )
                    )
                }
            , stmt2 = StmtFormula
                { pos = Location
                    { locFile = "test/examples/abbr.tex"
                    , locLine = 32
                    , locColumn = 32
                    }
                , formula = FormulaChain
                    ( ChainBase
                        ( ExprVar
                            ( NamedVar "x" ) :| []
                        ) Negative
                        ( RelationSymbol
                            ( Command "in" ) []
                        )
                        ( ExprVar
                            ( NamedVar "y" ) :| []
                        )
                    )
                }
            }
        )
    )
, BlockLemma
    ( Location
        { locFile = "test/examples/abbr.tex"
        , locLine = 37
        , locColumn = 37
        }
    )
    ( Marker "abbr_test_elementof_is_in" )
    ( Lemma []
        ( StmtConnected
            { conn = Implication
            , mpos = Just
                ( Location
                    { locFile = "test/examples/abbr.tex"
                    , locLine = 38
                    , locColumn = 38
                    }
                )
            , stmt1 = StmtNoun
                { pos = Location
                    { locFile = "test/examples/abbr.tex"
                    , locLine = 38
                    , locColumn = 38
                    }
                , args = TermExpr
                    ( Location
                        { locFile = "test/examples/abbr.tex"
                        , locLine = 38
                        , locColumn = 38
                        }
                    )
                    ( ExprVar
                        ( NamedVar "x" )
                    ) :| []
                , noun = NounPhrase ( [] )
                    ( Noun
                        ( SgPl
                            { sg =
                                [ Just
                                    ( Word "element" )
                                , Just
                                    ( Word "of" )
                                , Nothing
                                ]
                            , pl =
                                [ Just
                                    ( Word "elements" )
                                , Just
                                    ( Word "of" )
                                , Nothing
                                ]
                            }
                        )
                        [ TermExpr
                            ( Location
                                { locFile = "test/examples/abbr.tex"
                                , locLine = 38
                                , locColumn = 38
                                }
                            )
                            ( ExprVar
                                ( NamedVar "y" )
                            )
                        ]
                    ) ( Nothing ) ( [] ) ( Nothing )
                }
            , stmt2 = StmtFormula
                { pos = Location
                    { locFile = "test/examples/abbr.tex"
                    , locLine = 38
                    , locColumn = 38
                    }
                , formula = FormulaChain
                    ( ChainBase
                        ( ExprVar
                            ( NamedVar "x" ) :| []
                        ) Positive
                        ( RelationSymbol
                            ( Command "in" ) []
                        )
                        ( ExprVar
                            ( NamedVar "y" ) :| []
                        )
                    )
                }
            }
        )
    )
, BlockLemma
    ( Location
        { locFile = "test/examples/abbr.tex"
        , locLine = 43
        , locColumn = 43
        }
    )
    ( Marker "abbr_test_equals_is_eq" )
    ( Lemma []
        ( StmtConnected
            { conn = Implication
            , mpos = Just
                ( Location
                    { locFile = "test/examples/abbr.tex"
                    , locLine = 44
                    , locColumn = 44
                    }
                )
            , stmt1 = StmtVerbPhrase
                { args = TermExpr
                    ( Location
                        { locFile = "test/examples/abbr.tex"
                        , locLine = 44
                        , locColumn = 44
                        }
                    )
                    ( ExprVar
                        ( NamedVar "x" )
                    ) :| []
                , verb = VPVerb
                    ( Verb
                        ( Location
                            { locFile = "test/examples/abbr.tex"
                            , locLine = 44
                            , locColumn = 44
                            }
                        )
                        ( SgPl
                            { sg =
                                [ Just
                                    ( Word "equals" )
                                , Nothing
                                ]
                            , pl =
                                [ Just
                                    ( Word "equal" )
                                , Nothing
                                ]
                            }
                        )
                        [ TermExpr
                            ( Location
                                { locFile = "test/examples/abbr.tex"
                                , locLine = 44
                                , locColumn = 44
                                }
                            )
                            ( ExprVar
                                ( NamedVar "y" )
                            )
                        ]
                    )
                }
            , stmt2 = StmtFormula
                { pos = Location
                    { locFile = "test/examples/abbr.tex"
                    , locLine = 44
                    , locColumn = 44
                    }
                , formula = FormulaChain
                    ( ChainBase
                        ( ExprVar
                            ( NamedVar "x" ) :| []
                        ) Positive
                        ( RelationSymbol
                            ( Symbol "=" ) []
                        )
                        ( ExprVar
                            ( NamedVar "y" ) :| []
                        )
                    )
                }
            }
        )
    )
]