[ BlockDefn
    ( Location
        { locFile = "test/examples/russell.tex"
        , locLine = 1
        , locColumn = 1
        }
    )
    ( Marker "universal_set" )
    ( DefnPredicate []
        ( PredicateAdj
            [ Just
                ( Word "universal" )
            ]
        )
        ( NamedVar "V" :| [] )
        ( Quantified Universally
            ( Scope
                ( Connected Implication ( PropositionalConstant IsTop )
                    ( TermSymbol
                        ( Location
                            { locFile = "<nowhere>"
                            , locLine = -1
                            , locColumn = -1
                            }
                        )
                        ( SymbolPredicate
                            ( PredicateRelation
                                ( Command "in" )
                            )
                        )
                        [ TermVar
                            ( B
                                ( NamedVar "x" )
                            )
                        , TermVar
                            ( F
                                ( TermVar
                                    ( NamedVar "V" )
                                )
                            )
                        ]
                    )
                )
            )
        )
    )
, BlockLemma
    ( Location
        { locFile = "test/examples/russell.tex"
        , locLine = 7
        , locColumn = 7
        }
    )
    ( Marker "no_universal_set" )
    ( Lemma []
        ( Not
            ( Location
                { locFile = "test/examples/russell.tex"
                , locLine = 8
                , locColumn = 8
                }
            )
            ( Quantified Existentially
                ( Scope
                    ( Connected Conjunction ( PropositionalConstant IsTop )
                        ( TermSymbol
                            ( Location
                                { locFile = "test/examples/russell.tex"
                                , locLine = 8
                                , locColumn = 8
                                }
                            )
                            ( SymbolPredicate
                                ( PredicateAdj
                                    [ Just
                                        ( Word "universal" )
                                    ]
                                )
                            )
                            [ TermVar
                                ( B
                                    ( FreshVar 0 )
                                )
                            ]
                        )
                    )
                )
            )
        )
    )
, BlockProof
    ( Location
        { locFile = "test/examples/russell.tex"
        , locLine = 10
        , locColumn = 10
        }
    )
    ( ByContradiction
        ( Location
            { locFile = "test/examples/russell.tex"
            , locLine = 11
            , locColumn = 11
            }
        )
        ( Take
            ( Location
                { locFile = "test/examples/russell.tex"
                , locLine = 12
                , locColumn = 12
                }
            )
            ( NamedVar "V" :| [] )
            ( Connected Conjunction ( PropositionalConstant IsTop )
                ( TermSymbol
                    ( Location
                        { locFile = "test/examples/russell.tex"
                        , locLine = 12
                        , locColumn = 12
                        }
                    )
                    ( SymbolPredicate
                        ( PredicateAdj
                            [ Just
                                ( Word "universal" )
                            ]
                        )
                    )
                    [ TermVar
                        ( NamedVar "V" )
                    ]
                )
            ) JustificationEmpty
            ( Define
                ( Location
                    { locFile = "test/examples/russell.tex"
                    , locLine = 13
                    , locColumn = 13
                    }
                )
                ( NamedVar "R" )
                ( TermSep
                    ( NamedVar "x" )
                    ( TermVar
                        ( NamedVar "V" )
                    )
                    ( Scope
                        ( Not
                            ( Location
                                { locFile = "<nowhere>"
                                , locLine = -1
                                , locColumn = -1
                                }
                            )
                            ( TermSymbol
                                ( Location
                                    { locFile = "<nowhere>"
                                    , locLine = -1
                                    , locColumn = -1
                                    }
                                )
                                ( SymbolPredicate
                                    ( PredicateRelation
                                        ( Command "in" )
                                    )
                                )
                                [ TermVar
                                    ( B () )
                                , TermVar
                                    ( B () )
                                ]
                            )
                        )
                    )
                )
                ( Have
                    ( Location
                        { locFile = "test/examples/russell.tex"
                        , locLine = 14
                        , locColumn = 14
                        }
                    )
                    ( Connected Equivalence
                        ( TermSymbol
                            ( Location
                                { locFile = "<nowhere>"
                                , locLine = -1
                                , locColumn = -1
                                }
                            )
                            ( SymbolPredicate
                                ( PredicateRelation
                                    ( Command "in" )
                                )
                            )
                            [ TermVar
                                ( NamedVar "R" )
                            , TermVar
                                ( NamedVar "R" )
                            ]
                        )
                        ( Not
                            ( Location
                                { locFile = "<nowhere>"
                                , locLine = -1
                                , locColumn = -1
                                }
                            )
                            ( TermSymbol
                                ( Location
                                    { locFile = "<nowhere>"
                                    , locLine = -1
                                    , locColumn = -1
                                    }
                                )
                                ( SymbolPredicate
                                    ( PredicateRelation
                                        ( Command "in" )
                                    )
                                )
                                [ TermVar
                                    ( NamedVar "R" )
                                , TermVar
                                    ( NamedVar "R" )
                                ]
                            )
                        )
                    ) JustificationEmpty
                    ( Have
                        ( Location
                            { locFile = "test/examples/russell.tex"
                            , locLine = 15
                            , locColumn = 15
                            }
                        ) ( PropositionalConstant IsBottom ) JustificationEmpty
                        ( Qed
                            { mpos = Nothing
                            , by = JustificationEmpty
                            }
                        )
                    )
                )
            )
        )
    )
]