[ BlockDefn
    ( Location
        { locFile = "test/examples/russell.tex"
        , locLine = 1
        , locColumn = 1
        }
    )
    ( Marker "universal_set" )
    ( Defn []
        ( DefnAdj
            ( Just NounPhrase ( [] )
                ( Noun
                    ( SgPl
                        { sg =
                            [ Just
                                ( Word "set" )
                            ]
                        , pl =
                            [ Just
                                ( Word "sets" )
                            ]
                        }
                    ) []
                ) ( Nothing ) ( [] ) ( Nothing )
            )
            ( NamedVar "V" )
            ( Adj
                ( Location
                    { locFile = "test/examples/russell.tex"
                    , locLine = 2
                    , locColumn = 2
                    }
                )
                [ Just
                    ( Word "universal" )
                ] []
            )
        )
        ( StmtQuantPhrase
            { pos = Location
                { locFile = "test/examples/russell.tex"
                , locLine = 4
                , locColumn = 4
                }
            , qp = QuantPhrase Universally NounPhrase ( [] )
                ( Noun
                    ( SgPl
                        { sg =
                            [ Just
                                ( Word "set" )
                            ]
                        , pl =
                            [ Just
                                ( Word "sets" )
                            ]
                        }
                    ) []
                )
                (
                    [ NamedVar "x" ]
                ) ( [] ) ( Nothing )
            , stmt = StmtFormula
                { pos = Location
                    { locFile = "test/examples/russell.tex"
                    , locLine = 4
                    , locColumn = 4
                    }
                , formula = FormulaChain
                    ( ChainBase
                        ( ExprVar
                            ( NamedVar "x" ) :| []
                        ) Positive
                        ( RelationSymbol
                            ( Command "in" ) []
                        )
                        ( ExprVar
                            ( NamedVar "V" ) :| []
                        )
                    )
                }
            }
        )
    )
, BlockLemma
    ( Location
        { locFile = "test/examples/russell.tex"
        , locLine = 7
        , locColumn = 7
        }
    )
    ( Marker "no_universal_set" )
    ( Lemma []
        ( StmtNeg
            { pos = Location
                { locFile = "test/examples/russell.tex"
                , locLine = 8
                , locColumn = 8
                }
            , stmt = StmtExists
                { pos = Location
                    { locFile = "test/examples/russell.tex"
                    , locLine = 8
                    , locColumn = 8
                    }
                , np = NounPhrase
                    (
                        [ AdjL
                            ( Location
                                { locFile = "test/examples/russell.tex"
                                , locLine = 8
                                , locColumn = 8
                                }
                            )
                            [ Just
                                ( Word "universal" )
                            ] []
                        ]
                    )
                    ( Noun
                        ( SgPl
                            { sg =
                                [ Just
                                    ( Word "set" )
                                ]
                            , pl =
                                [ Just
                                    ( Word "sets" )
                                ]
                            }
                        ) []
                    ) ( [] ) ( [] ) ( Nothing )
                }
            }
        )
    )
, BlockProof
    ( Location
        { locFile = "test/examples/russell.tex"
        , locLine = 10
        , locColumn = 10
        }
    )
    ( ByContradiction
        ( Location
            { locFile = "test/examples/russell.tex"
            , locLine = 11
            , locColumn = 11
            }
        )
        ( TakeNoun
            ( Location
                { locFile = "test/examples/russell.tex"
                , locLine = 12
                , locColumn = 12
                }
            ) NounPhrase
            (
                [ AdjL
                    ( Location
                        { locFile = "test/examples/russell.tex"
                        , locLine = 12
                        , locColumn = 12
                        }
                    )
                    [ Just
                        ( Word "universal" )
                    ] []
                ]
            )
            ( Noun
                ( SgPl
                    { sg =
                        [ Just
                            ( Word "set" )
                        ]
                    , pl =
                        [ Just
                            ( Word "sets" )
                        ]
                    }
                ) []
            )
            (
                [ NamedVar "V" ]
            ) ( [] ) ( Nothing ) JustificationEmpty
            ( Define
                ( Location
                    { locFile = "test/examples/russell.tex"
                    , locLine = 13
                    , locColumn = 13
                    }
                )
                ( NamedVar "R" )
                ( ExprSep
                    ( NamedVar "x" )
                    ( ExprVar
                        ( NamedVar "V" )
                    )
                    ( StmtFormula
                        { pos = Location
                            { locFile = "<nowhere>"
                            , locLine = -1
                            , locColumn = -1
                            }
                        , formula = FormulaChain
                            ( ChainBase
                                ( ExprVar
                                    ( NamedVar "x" ) :| []
                                ) Negative
                                ( RelationSymbol
                                    ( Command "in" ) []
                                )
                                ( ExprVar
                                    ( NamedVar "x" ) :| []
                                )
                            )
                        }
                    )
                )
                ( Have
                    ( Location
                        { locFile = "test/examples/russell.tex"
                        , locLine = 14
                        , locColumn = 14
                        }
                    ) Nothing
                    ( StmtConnected
                        { conn = Equivalence
                        , mpos = Nothing
                        , stmt1 = StmtFormula
                            { pos = Location
                                { locFile = "test/examples/russell.tex"
                                , locLine = 14
                                , locColumn = 14
                                }
                            , formula = FormulaChain
                                ( ChainBase
                                    ( ExprVar
                                        ( NamedVar "R" ) :| []
                                    ) Positive
                                    ( RelationSymbol
                                        ( Command "in" ) []
                                    )
                                    ( ExprVar
                                        ( NamedVar "R" ) :| []
                                    )
                                )
                            }
                        , stmt2 = StmtFormula
                            { pos = Location
                                { locFile = "test/examples/russell.tex"
                                , locLine = 14
                                , locColumn = 14
                                }
                            , formula = FormulaChain
                                ( ChainBase
                                    ( ExprVar
                                        ( NamedVar "R" ) :| []
                                    ) Negative
                                    ( RelationSymbol
                                        ( Command "in" ) []
                                    )
                                    ( ExprVar
                                        ( NamedVar "R" ) :| []
                                    )
                                )
                            }
                        }
                    ) JustificationEmpty
                    ( Have
                        ( Location
                            { locFile = "test/examples/russell.tex"
                            , locLine = 15
                            , locColumn = 15
                            }
                        ) Nothing
                        ( StmtFormula
                            { pos = Location
                                { locFile = "test/examples/russell.tex"
                                , locLine = 15
                                , locColumn = 15
                                }
                            , formula = PropositionalConstant IsBottom
                            }
                        ) JustificationEmpty ( Qed Nothing JustificationEmpty )
                    )
                )
            )
        )
    )
]