[ Task
    { taskDirectness = Direct
    , taskHypotheses =
        [ Hypothesis Marker "in_irrefl1" Quantified Universally
            ( Scope
                ( Connected Implication
                    ( TermSymbol
                        ( Location
                            { locFile = "<nowhere>"
                            , locLine = -1
                            , locColumn = -1
                            }
                        )
                        ( SymbolPredicate
                            ( PredicateRelation
                                ( RelationSymbol
                                    ( Command "in" )
                                    ( Marker "elem" )
                                )
                            )
                        )
                        [ TermVar
                            ( B
                                ( NamedVar "IndAntecedent" )
                            )
                        , TermVar
                            ( F
                                ( TermVar
                                    ( NamedVar "A" )
                                )
                            )
                        ]
                    )
                    ( Connected Implication ( PropositionalConstant IsTop )
                        ( Not
                            ( Location
                                { locFile = "test/examples/no-reflexive-set.tex"
                                , locLine = 2
                                , locColumn = 36
                                }
                            )
                            ( TermSymbol
                                ( Location
                                    { locFile = "test/examples/no-reflexive-set.tex"
                                    , locLine = 2
                                    , locColumn = 36
                                    }
                                )
                                ( SymbolPredicate
                                    ( PredicateRelation
                                        ( RelationSymbol
                                            ( Command "in" )
                                            ( Marker "elem" )
                                        )
                                    )
                                )
                                [ TermVar
                                    ( B
                                        ( NamedVar "IndAntecedent" )
                                    )
                                , TermVar
                                    ( B
                                        ( NamedVar "IndAntecedent" )
                                    )
                                ]
                            )
                        )
                    )
                )
            )
        ]
    , taskConjectureLabel = Marker "in_irrefl"
    , taskLocation = Location
        { locFile = "test/examples/no-reflexive-set.tex"
        , locLine = 10
        , locColumn = 5
        }
    , taskConjecture = Not
        ( Location
            { locFile = "test/examples/no-reflexive-set.tex"
            , locLine = 2
            , locColumn = 36
            }
        )
        ( TermSymbol
            ( Location
                { locFile = "test/examples/no-reflexive-set.tex"
                , locLine = 2
                , locColumn = 36
                }
            )
            ( SymbolPredicate
                ( PredicateRelation
                    ( RelationSymbol
                        ( Command "in" )
                        ( Marker "elem" )
                    )
                )
            )
            [ TermVar
                ( NamedVar "A" )
            , TermVar
                ( NamedVar "A" )
            ]
        )
    }
]