[ BlockDefn
    ( Location
        { locFile = "test/examples/coord.tex"
        , locLine = 1
        , locColumn = 1
        }
    )
    ( Marker "bar" )
    ( DefnPredicate []
        ( PredicateNoun
            ( SgPl
                { sg =
                    [ Just
                        ( Word "bar" )
                    ]
                , pl =
                    [ Just
                        ( Word "bars" )
                    ]
                }
            )
        )
        ( NamedVar "x" :| [] )
        ( TermSymbol
            ( Location
                { locFile = "<nowhere>"
                , locLine = -1
                , locColumn = -1
                }
            )
            ( SymbolPredicate
                ( PredicateRelation
                    ( Symbol "=" )
                )
            )
            [ TermVar
                ( NamedVar "x" )
            , TermVar
                ( NamedVar "x" )
            ]
        )
    )
, BlockDefn
    ( Location
        { locFile = "test/examples/coord.tex"
        , locLine = 5
        , locColumn = 1
        }
    )
    ( Marker "foo" )
    ( DefnPredicate []
        ( PredicateAdj
            [ Just
                ( Word "foo" )
            ]
        )
        ( NamedVar "x" :| [] )
        ( TermSymbol
            ( Location
                { locFile = "<nowhere>"
                , locLine = -1
                , locColumn = -1
                }
            )
            ( SymbolPredicate
                ( PredicateRelation
                    ( Symbol "=" )
                )
            )
            [ TermVar
                ( NamedVar "x" )
            , TermVar
                ( NamedVar "x" )
            ]
        )
    )
, BlockDefn
    ( Location
        { locFile = "test/examples/coord.tex"
        , locLine = 9
        , locColumn = 1
        }
    )
    ( Marker "baz" )
    ( DefnPredicate []
        ( PredicateAdj
            [ Just
                ( Word "baz" )
            ]
        )
        ( NamedVar "x" :| [] )
        ( TermSymbol
            ( Location
                { locFile = "<nowhere>"
                , locLine = -1
                , locColumn = -1
                }
            )
            ( SymbolPredicate
                ( PredicateRelation
                    ( Symbol "=" )
                )
            )
            [ TermVar
                ( NamedVar "x" )
            , TermVar
                ( NamedVar "x" )
            ]
        )
    )
, BlockLemma
    ( Location
        { locFile = "test/examples/coord.tex"
        , locLine = 13
        , locColumn = 1
        }
    )
    ( Marker "nouns" )
    ( Lemma
        [ Asm
            ( TermSymbol
                ( Location
                    { locFile = "<nowhere>"
                    , locLine = -1
                    , locColumn = -1
                    }
                )
                ( SymbolPredicate
                    ( PredicateNoun
                        ( SgPl
                            { sg =
                                [ Just
                                    ( Word "bar" )
                                ]
                            , pl =
                                [ Just
                                    ( Word "bars" )
                                ]
                            }
                        )
                    )
                )
                [ TermVar
                    ( NamedVar "x" )
                ]
            )
        , Asm
            ( TermSymbol
                ( Location
                    { locFile = "<nowhere>"
                    , locLine = -1
                    , locColumn = -1
                    }
                )
                ( SymbolPredicate
                    ( PredicateNoun
                        ( SgPl
                            { sg =
                                [ Just
                                    ( Word "bar" )
                                ]
                            , pl =
                                [ Just
                                    ( Word "bars" )
                                ]
                            }
                        )
                    )
                )
                [ TermVar
                    ( NamedVar "y" )
                ]
            )
        ]
        ( TermSymbol
            ( Location
                { locFile = "<nowhere>"
                , locLine = -1
                , locColumn = -1
                }
            )
            ( SymbolPredicate
                ( PredicateRelation
                    ( Symbol "=" )
                )
            )
            [ TermVar
                ( NamedVar "x" )
            , TermVar
                ( NamedVar "x" )
            ]
        )
    )
, BlockLemma
    ( Location
        { locFile = "test/examples/coord.tex"
        , locLine = 18
        , locColumn = 1
        }
    )
    ( Marker "adj_nouns" )
    ( Lemma
        [ Asm
            ( Connected Conjunction
                ( TermSymbol
                    ( Location
                        { locFile = "<nowhere>"
                        , locLine = -1
                        , locColumn = -1
                        }
                    )
                    ( SymbolPredicate
                        ( PredicateNoun
                            ( SgPl
                                { sg =
                                    [ Just
                                        ( Word "bar" )
                                    ]
                                , pl =
                                    [ Just
                                        ( Word "bars" )
                                    ]
                                }
                            )
                        )
                    )
                    [ TermVar
                        ( NamedVar "x" )
                    ]
                )
                ( TermSymbol
                    ( Location
                        { locFile = "test/examples/coord.tex"
                        , locLine = 19
                        , locColumn = 19
                        }
                    )
                    ( SymbolPredicate
                        ( PredicateAdj
                            [ Just
                                ( Word "foo" )
                            ]
                        )
                    )
                    [ TermVar
                        ( NamedVar "x" )
                    ]
                )
            )
        , Asm
            ( Connected Conjunction
                ( TermSymbol
                    ( Location
                        { locFile = "<nowhere>"
                        , locLine = -1
                        , locColumn = -1
                        }
                    )
                    ( SymbolPredicate
                        ( PredicateNoun
                            ( SgPl
                                { sg =
                                    [ Just
                                        ( Word "bar" )
                                    ]
                                , pl =
                                    [ Just
                                        ( Word "bars" )
                                    ]
                                }
                            )
                        )
                    )
                    [ TermVar
                        ( NamedVar "y" )
                    ]
                )
                ( TermSymbol
                    ( Location
                        { locFile = "test/examples/coord.tex"
                        , locLine = 19
                        , locColumn = 19
                        }
                    )
                    ( SymbolPredicate
                        ( PredicateAdj
                            [ Just
                                ( Word "foo" )
                            ]
                        )
                    )
                    [ TermVar
                        ( NamedVar "y" )
                    ]
                )
            )
        ]
        ( TermSymbol
            ( Location
                { locFile = "<nowhere>"
                , locLine = -1
                , locColumn = -1
                }
            )
            ( SymbolPredicate
                ( PredicateRelation
                    ( Symbol "=" )
                )
            )
            [ TermVar
                ( NamedVar "x" )
            , TermVar
                ( NamedVar "x" )
            ]
        )
    )
, BlockLemma
    ( Location
        { locFile = "test/examples/coord.tex"
        , locLine = 24
        , locColumn = 1
        }
    )
    ( Marker "nouns_suchthat" )
    ( Lemma
        [ Asm
            ( Connected Conjunction
                ( TermSymbol
                    ( Location
                        { locFile = "test/examples/coord.tex"
                        , locLine = 25
                        , locColumn = 41
                        }
                    )
                    ( SymbolPredicate
                        ( PredicateAdj
                            [ Just
                                ( Word "foo" )
                            ]
                        )
                    )
                    [ TermVar
                        ( NamedVar "x" )
                    ]
                )
                ( TermSymbol
                    ( Location
                        { locFile = "test/examples/coord.tex"
                        , locLine = 25
                        , locColumn = 56
                        }
                    )
                    ( SymbolPredicate
                        ( PredicateAdj
                            [ Just
                                ( Word "baz" )
                            ]
                        )
                    )
                    [ TermVar
                        ( NamedVar "y" )
                    ]
                )
            )
        , Asm
            ( TermSymbol
                ( Location
                    { locFile = "<nowhere>"
                    , locLine = -1
                    , locColumn = -1
                    }
                )
                ( SymbolPredicate
                    ( PredicateNoun
                        ( SgPl
                            { sg =
                                [ Just
                                    ( Word "bar" )
                                ]
                            , pl =
                                [ Just
                                    ( Word "bars" )
                                ]
                            }
                        )
                    )
                )
                [ TermVar
                    ( NamedVar "x" )
                ]
            )
        , Asm
            ( TermSymbol
                ( Location
                    { locFile = "<nowhere>"
                    , locLine = -1
                    , locColumn = -1
                    }
                )
                ( SymbolPredicate
                    ( PredicateNoun
                        ( SgPl
                            { sg =
                                [ Just
                                    ( Word "bar" )
                                ]
                            , pl =
                                [ Just
                                    ( Word "bars" )
                                ]
                            }
                        )
                    )
                )
                [ TermVar
                    ( NamedVar "y" )
                ]
            )
        ]
        ( TermSymbol
            ( Location
                { locFile = "<nowhere>"
                , locLine = -1
                , locColumn = -1
                }
            )
            ( SymbolPredicate
                ( PredicateRelation
                    ( Symbol "=" )
                )
            )
            [ TermVar
                ( NamedVar "x" )
            , TermVar
                ( NamedVar "x" )
            ]
        )
    )
, BlockLemma
    ( Location
        { locFile = "test/examples/coord.tex"
        , locLine = 30
        , locColumn = 1
        }
    )
    ( Marker "noun_verb" )
    ( Lemma []
        ( Connected Equivalence
            ( TermSymbol
                ( Location
                    { locFile = "<nowhere>"
                    , locLine = -1
                    , locColumn = -1
                    }
                )
                ( SymbolPredicate
                    ( PredicateRelation
                        ( Symbol "=" )
                    )
                )
                [ TermVar
                    ( NamedVar "x" )
                , TermVar
                    ( NamedVar "y" )
                ]
            )
            ( Connected Conjunction
                ( TermSymbol
                    ( Location
                        { locFile = "<nowhere>"
                        , locLine = -1
                        , locColumn = -1
                        }
                    )
                    ( SymbolPredicate
                        ( PredicateNoun
                            ( SgPl
                                { sg =
                                    [ Just
                                        ( Word "bar" )
                                    ]
                                , pl =
                                    [ Just
                                        ( Word "bars" )
                                    ]
                                }
                            )
                        )
                    )
                    [ TermVar
                        ( NamedVar "x" )
                    ]
                )
                ( TermSymbol
                    ( Location
                        { locFile = "<nowhere>"
                        , locLine = -1
                        , locColumn = -1
                        }
                    )
                    ( SymbolPredicate
                        ( PredicateRelation
                            ( Symbol "=" )
                        )
                    )
                    [ TermVar
                        ( NamedVar "x" )
                    , TermVar
                        ( NamedVar "y" )
                    ]
                )
            )
        )
    )
, BlockLemma
    ( Location
        { locFile = "test/examples/coord.tex"
        , locLine = 35
        , locColumn = 1
        }
    )
    ( Marker "adjs" )
    ( Lemma []
        ( Connected Conjunction
            ( TermSymbol
                ( Location
                    { locFile = "test/examples/coord.tex"
                    , locLine = 36
                    , locColumn = 12
                    }
                )
                ( SymbolPredicate
                    ( PredicateAdj
                        [ Just
                            ( Word "foo" )
                        ]
                    )
                )
                [ TermVar
                    ( NamedVar "x" )
                ]
            )
            ( TermSymbol
                ( Location
                    { locFile = "test/examples/coord.tex"
                    , locLine = 36
                    , locColumn = 20
                    }
                )
                ( SymbolPredicate
                    ( PredicateAdj
                        [ Just
                            ( Word "baz" )
                        ]
                    )
                )
                [ TermVar
                    ( NamedVar "x" )
                ]
            )
        )
    )
, BlockLemma
    ( Location
        { locFile = "test/examples/coord.tex"
        , locLine = 39
        , locColumn = 1
        }
    )
    ( Marker "are_nouns" )
    ( Lemma
        [ Asm
            ( Connected Conjunction
                ( TermSymbol
                    ( Location
                        { locFile = "<nowhere>"
                        , locLine = -1
                        , locColumn = -1
                        }
                    )
                    ( SymbolPredicate
                        ( PredicateNoun
                            ( SgPl
                                { sg =
                                    [ Just
                                        ( Word "bar" )
                                    ]
                                , pl =
                                    [ Just
                                        ( Word "bars" )
                                    ]
                                }
                            )
                        )
                    )
                    [ TermVar
                        ( NamedVar "x" )
                    ]
                )
                ( TermSymbol
                    ( Location
                        { locFile = "test/examples/coord.tex"
                        , locLine = 40
                        , locColumn = 19
                        }
                    )
                    ( SymbolPredicate
                        ( PredicateAdj
                            [ Just
                                ( Word "foo" )
                            ]
                        )
                    )
                    [ TermVar
                        ( NamedVar "x" )
                    ]
                )
            )
        , Asm
            ( Connected Conjunction
                ( TermSymbol
                    ( Location
                        { locFile = "<nowhere>"
                        , locLine = -1
                        , locColumn = -1
                        }
                    )
                    ( SymbolPredicate
                        ( PredicateNoun
                            ( SgPl
                                { sg =
                                    [ Just
                                        ( Word "bar" )
                                    ]
                                , pl =
                                    [ Just
                                        ( Word "bars" )
                                    ]
                                }
                            )
                        )
                    )
                    [ TermVar
                        ( NamedVar "y" )
                    ]
                )
                ( TermSymbol
                    ( Location
                        { locFile = "test/examples/coord.tex"
                        , locLine = 40
                        , locColumn = 19
                        }
                    )
                    ( SymbolPredicate
                        ( PredicateAdj
                            [ Just
                                ( Word "foo" )
                            ]
                        )
                    )
                    [ TermVar
                        ( NamedVar "y" )
                    ]
                )
            )
        ]
        ( Connected Conjunction
            ( Connected Conjunction
                ( TermSymbol
                    ( Location
                        { locFile = "<nowhere>"
                        , locLine = -1
                        , locColumn = -1
                        }
                    )
                    ( SymbolPredicate
                        ( PredicateNoun
                            ( SgPl
                                { sg =
                                    [ Just
                                        ( Word "bar" )
                                    ]
                                , pl =
                                    [ Just
                                        ( Word "bars" )
                                    ]
                                }
                            )
                        )
                    )
                    [ TermVar
                        ( NamedVar "x" )
                    ]
                )
                ( TermSymbol
                    ( Location
                        { locFile = "test/examples/coord.tex"
                        , locLine = 41
                        , locColumn = 26
                        }
                    )
                    ( SymbolPredicate
                        ( PredicateAdj
                            [ Just
                                ( Word "foo" )
                            ]
                        )
                    )
                    [ TermVar
                        ( NamedVar "x" )
                    ]
                )
            )
            ( Connected Conjunction
                ( TermSymbol
                    ( Location
                        { locFile = "<nowhere>"
                        , locLine = -1
                        , locColumn = -1
                        }
                    )
                    ( SymbolPredicate
                        ( PredicateNoun
                            ( SgPl
                                { sg =
                                    [ Just
                                        ( Word "bar" )
                                    ]
                                , pl =
                                    [ Just
                                        ( Word "bars" )
                                    ]
                                }
                            )
                        )
                    )
                    [ TermVar
                        ( NamedVar "y" )
                    ]
                )
                ( TermSymbol
                    ( Location
                        { locFile = "test/examples/coord.tex"
                        , locLine = 41
                        , locColumn = 26
                        }
                    )
                    ( SymbolPredicate
                        ( PredicateAdj
                            [ Just
                                ( Word "foo" )
                            ]
                        )
                    )
                    [ TermVar
                        ( NamedVar "y" )
                    ]
                )
            )
        )
    )
]