[ BlockDefn
    ( SourcePos
        { sourceName = "test/examples/coord.tex"
        , sourceLine = Pos 1
        , sourceColumn = Pos 1
        }
    )
    ( Marker "bar" )
    ( Defn []
        ( DefnNoun
            ( NamedVar "x" )
            ( Noun
                ( SgPl
                    { sg =
                        [ Just
                            ( Word "bar" )
                        ]
                    , pl =
                        [ Just
                            ( Word "bars" )
                        ]
                    }
                ) []
            )
        )
        ( StmtFormula
            { formula = FormulaChain
                ( ChainBase
                    ( ExprVar
                        ( NamedVar "x" ) :| []
                    ) Positive
                    ( RelationSymbol
                        ( Symbol "=" ) []
                    )
                    ( ExprVar
                        ( NamedVar "x" ) :| []
                    )
                )
            }
        )
    )
, BlockDefn
    ( SourcePos
        { sourceName = "test/examples/coord.tex"
        , sourceLine = Pos 5
        , sourceColumn = Pos 1
        }
    )
    ( Marker "foo" )
    ( Defn []
        ( DefnAdj Nothing
            ( NamedVar "x" )
            ( Adj
                ( SourcePos
                    { sourceName = "test/examples/coord.tex"
                    , sourceLine = Pos 6
                    , sourceColumn = Pos 12
                    }
                )
                [ Just
                    ( Word "foo" )
                ] []
            )
        )
        ( StmtFormula
            { formula = FormulaChain
                ( ChainBase
                    ( ExprVar
                        ( NamedVar "x" ) :| []
                    ) Positive
                    ( RelationSymbol
                        ( Symbol "=" ) []
                    )
                    ( ExprVar
                        ( NamedVar "x" ) :| []
                    )
                )
            }
        )
    )
, BlockDefn
    ( SourcePos
        { sourceName = "test/examples/coord.tex"
        , sourceLine = Pos 9
        , sourceColumn = Pos 1
        }
    )
    ( Marker "baz" )
    ( Defn []
        ( DefnAdj Nothing
            ( NamedVar "x" )
            ( Adj
                ( SourcePos
                    { sourceName = "test/examples/coord.tex"
                    , sourceLine = Pos 10
                    , sourceColumn = Pos 12
                    }
                )
                [ Just
                    ( Word "baz" )
                ] []
            )
        )
        ( StmtFormula
            { formula = FormulaChain
                ( ChainBase
                    ( ExprVar
                        ( NamedVar "x" ) :| []
                    ) Positive
                    ( RelationSymbol
                        ( Symbol "=" ) []
                    )
                    ( ExprVar
                        ( NamedVar "x" ) :| []
                    )
                )
            }
        )
    )
, BlockLemma
    ( SourcePos
        { sourceName = "test/examples/coord.tex"
        , sourceLine = Pos 13
        , sourceColumn = Pos 1
        }
    )
    ( Marker "nouns" )
    ( Lemma
        [ AsmLetNoun
            ( NamedVar "x" :|
                [ NamedVar "y" ]
            ) NounPhrase ( [] )
            ( Noun
                ( SgPl
                    { sg =
                        [ Just
                            ( Word "bar" )
                        ]
                    , pl =
                        [ Just
                            ( Word "bars" )
                        ]
                    }
                ) []
            ) ( Nothing ) ( [] ) ( Nothing )
        ]
        ( StmtFormula
            { formula = FormulaChain
                ( ChainBase
                    ( ExprVar
                        ( NamedVar "x" ) :| []
                    ) Positive
                    ( RelationSymbol
                        ( Symbol "=" ) []
                    )
                    ( ExprVar
                        ( NamedVar "x" ) :| []
                    )
                )
            }
        )
    )
, BlockLemma
    ( SourcePos
        { sourceName = "test/examples/coord.tex"
        , sourceLine = Pos 18
        , sourceColumn = Pos 1
        }
    )
    ( Marker "adj_nouns" )
    ( Lemma
        [ AsmLetNoun
            ( NamedVar "x" :|
                [ NamedVar "y" ]
            ) NounPhrase
            (
                [ AdjL
                    ( SourcePos
                        { sourceName = "test/examples/coord.tex"
                        , sourceLine = Pos 19
                        , sourceColumn = Pos 19
                        }
                    )
                    [ Just
                        ( Word "foo" )
                    ] []
                ]
            )
            ( Noun
                ( SgPl
                    { sg =
                        [ Just
                            ( Word "bar" )
                        ]
                    , pl =
                        [ Just
                            ( Word "bars" )
                        ]
                    }
                ) []
            ) ( Nothing ) ( [] ) ( Nothing )
        ]
        ( StmtFormula
            { formula = FormulaChain
                ( ChainBase
                    ( ExprVar
                        ( NamedVar "x" ) :| []
                    ) Positive
                    ( RelationSymbol
                        ( Symbol "=" ) []
                    )
                    ( ExprVar
                        ( NamedVar "x" ) :| []
                    )
                )
            }
        )
    )
, BlockLemma
    ( SourcePos
        { sourceName = "test/examples/coord.tex"
        , sourceLine = Pos 24
        , sourceColumn = Pos 1
        }
    )
    ( Marker "nouns_suchthat" )
    ( Lemma
        [ AsmLetNoun
            ( NamedVar "x" :|
                [ NamedVar "y" ]
            ) NounPhrase ( [] )
            ( Noun
                ( SgPl
                    { sg =
                        [ Just
                            ( Word "bar" )
                        ]
                    , pl =
                        [ Just
                            ( Word "bars" )
                        ]
                    }
                ) []
            ) ( Nothing ) ( [] )
            ( Just
                ( StmtConnected
                    { conn = Conjunction
                    , mpos = Nothing
                    , stmt1 = StmtVerbPhrase
                        { args = TermExpr
                            ( ExprVar
                                ( NamedVar "x" )
                            ) :| []
                        , verb = VPAdj
                            ( Adj
                                ( SourcePos
                                    { sourceName = "test/examples/coord.tex"
                                    , sourceLine = Pos 25
                                    , sourceColumn = Pos 41
                                    }
                                )
                                [ Just
                                    ( Word "foo" )
                                ] [] :| []
                            )
                        }
                    , stmt2 = StmtVerbPhrase
                        { args = TermExpr
                            ( ExprVar
                                ( NamedVar "y" )
                            ) :| []
                        , verb = VPAdj
                            ( Adj
                                ( SourcePos
                                    { sourceName = "test/examples/coord.tex"
                                    , sourceLine = Pos 25
                                    , sourceColumn = Pos 56
                                    }
                                )
                                [ Just
                                    ( Word "baz" )
                                ] [] :| []
                            )
                        }
                    }
                )
            )
        ]
        ( StmtFormula
            { formula = FormulaChain
                ( ChainBase
                    ( ExprVar
                        ( NamedVar "x" ) :| []
                    ) Positive
                    ( RelationSymbol
                        ( Symbol "=" ) []
                    )
                    ( ExprVar
                        ( NamedVar "x" ) :| []
                    )
                )
            }
        )
    )
, BlockLemma
    ( SourcePos
        { sourceName = "test/examples/coord.tex"
        , sourceLine = Pos 30
        , sourceColumn = Pos 1
        }
    )
    ( Marker "noun_verb" )
    ( Lemma []
        ( StmtConnected
            { conn = Equivalence
            , mpos = Nothing
            , stmt1 = StmtFormula
                { formula = FormulaChain
                    ( ChainBase
                        ( ExprVar
                            ( NamedVar "x" ) :| []
                        ) Positive
                        ( RelationSymbol
                            ( Symbol "=" ) []
                        )
                        ( ExprVar
                            ( NamedVar "y" ) :| []
                        )
                    )
                }
            , stmt2 = StmtNoun
                { pos = SourcePos
                    { sourceName = "Nowhere"
                    , sourceLine = Pos 1
                    , sourceColumn = Pos 1
                    }
                , args = TermExpr
                    ( ExprVar
                        ( NamedVar "x" )
                    ) :| []
                , noun = NounPhrase ( [] )
                    ( Noun
                        ( SgPl
                            { sg =
                                [ Just
                                    ( Word "bar" )
                                ]
                            , pl =
                                [ Just
                                    ( Word "bars" )
                                ]
                            }
                        ) []
                    ) ( Nothing )
                    (
                        [ AdjR
                            ( SourcePos
                                { sourceName = "test/examples/coord.tex"
                                , sourceLine = Pos 31
                                , sourceColumn = Pos 30
                                }
                            )
                            [ Just
                                ( Word "equal" )
                            , Just
                                ( Word "to" )
                            , Nothing
                            ]
                            [ TermExpr
                                ( ExprVar
                                    ( NamedVar "y" )
                                )
                            ]
                        ]
                    ) ( Nothing )
                }
            }
        )
    )
, BlockLemma
    ( SourcePos
        { sourceName = "test/examples/coord.tex"
        , sourceLine = Pos 35
        , sourceColumn = Pos 1
        }
    )
    ( Marker "adjs" )
    ( Lemma []
        ( StmtVerbPhrase
            { args = TermExpr
                ( ExprVar
                    ( NamedVar "x" )
                ) :| []
            , verb = VPAdj
                ( Adj
                    ( SourcePos
                        { sourceName = "test/examples/coord.tex"
                        , sourceLine = Pos 36
                        , sourceColumn = Pos 12
                        }
                    )
                    [ Just
                        ( Word "foo" )
                    ] [] :|
                    [ Adj
                        ( SourcePos
                            { sourceName = "test/examples/coord.tex"
                            , sourceLine = Pos 36
                            , sourceColumn = Pos 20
                            }
                        )
                        [ Just
                            ( Word "baz" )
                        ] []
                    ]
                )
            }
        )
    )
, BlockLemma
    ( SourcePos
        { sourceName = "test/examples/coord.tex"
        , sourceLine = Pos 39
        , sourceColumn = Pos 1
        }
    )
    ( Marker "are_nouns" )
    ( Lemma
        [ AsmLetNoun
            ( NamedVar "x" :|
                [ NamedVar "y" ]
            ) NounPhrase
            (
                [ AdjL
                    ( SourcePos
                        { sourceName = "test/examples/coord.tex"
                        , sourceLine = Pos 40
                        , sourceColumn = Pos 19
                        }
                    )
                    [ Just
                        ( Word "foo" )
                    ] []
                ]
            )
            ( Noun
                ( SgPl
                    { sg =
                        [ Just
                            ( Word "bar" )
                        ]
                    , pl =
                        [ Just
                            ( Word "bars" )
                        ]
                    }
                ) []
            ) ( Nothing ) ( [] ) ( Nothing )
        ]
        ( StmtNoun
            { pos = SourcePos
                { sourceName = "Nowhere"
                , sourceLine = Pos 1
                , sourceColumn = Pos 1
                }
            , args = TermExpr
                ( ExprVar
                    ( NamedVar "x" )
                ) :|
                [ TermExpr
                    ( ExprVar
                        ( NamedVar "y" )
                    )
                ]
            , noun = NounPhrase
                (
                    [ AdjL
                        ( SourcePos
                            { sourceName = "test/examples/coord.tex"
                            , sourceLine = Pos 41
                            , sourceColumn = Pos 26
                            }
                        )
                        [ Just
                            ( Word "foo" )
                        ] []
                    ]
                )
                ( Noun
                    ( SgPl
                        { sg =
                            [ Just
                                ( Word "bar" )
                            ]
                        , pl =
                            [ Just
                                ( Word "bars" )
                            ]
                        }
                    ) []
                ) ( Nothing ) ( [] ) ( Nothing )
            }
        )
    )
]